Component: ARM Compiler 5.06 update 6 (build 750) Tool: armlink [4d35ed]

==============================================================================

Section Cross References

    startup_gw1ns4c.o(RESET) refers to startup_gw1ns4c.o(STACK) for __initial_sp
    startup_gw1ns4c.o(RESET) refers to startup_gw1ns4c.o(.text) for Reset_Handler
    startup_gw1ns4c.o(RESET) refers to gw1ns4c_it.o(i.NMI_Handler) for NMI_Handler
    startup_gw1ns4c.o(RESET) refers to context_rvds.o(.text) for HardFault_Handler
    startup_gw1ns4c.o(RESET) refers to gw1ns4c_it.o(i.MemManage_Handler) for MemManage_Handler
    startup_gw1ns4c.o(RESET) refers to gw1ns4c_it.o(i.BusFault_Handler) for BusFault_Handler
    startup_gw1ns4c.o(RESET) refers to gw1ns4c_it.o(i.UsageFault_Handler) for UsageFault_Handler
    startup_gw1ns4c.o(RESET) refers to gw1ns4c_it.o(i.SVC_Handler) for SVC_Handler
    startup_gw1ns4c.o(RESET) refers to gw1ns4c_it.o(i.DebugMon_Handler) for DebugMon_Handler
    startup_gw1ns4c.o(RESET) refers to board.o(i.SysTick_Handler) for SysTick_Handler
    startup_gw1ns4c.o(RESET) refers to gw1ns4c_it.o(i.UART0_Handler) for UART0_Handler
    startup_gw1ns4c.o(RESET) refers to gw1ns4c_it.o(i.USER_INT0_Handler) for USER_INT0_Handler
    startup_gw1ns4c.o(RESET) refers to gw1ns4c_it.o(i.UART1_Handler) for UART1_Handler
    startup_gw1ns4c.o(RESET) refers to gw1ns4c_it.o(i.USER_INT1_Handler) for USER_INT1_Handler
    startup_gw1ns4c.o(RESET) refers to gw1ns4c_it.o(i.USER_INT2_Handler) for USER_INT2_Handler
    startup_gw1ns4c.o(RESET) refers to gw1ns4c_it.o(i.RTC_Handler) for RTC_Handler
    startup_gw1ns4c.o(RESET) refers to gw1ns4c_it.o(i.USER_INT3_Handler) for USER_INT3_Handler
    startup_gw1ns4c.o(RESET) refers to gw1ns4c_it.o(i.TIMER0_Handler) for TIMER0_Handler
    startup_gw1ns4c.o(RESET) refers to gw1ns4c_it.o(i.TIMER1_Handler) for TIMER1_Handler
    startup_gw1ns4c.o(RESET) refers to gw1ns4c_it.o(i.I2C_Handler) for I2C_Handler
    startup_gw1ns4c.o(RESET) refers to gw1ns4c_it.o(i.USER_INT4_Handler) for USER_INT4_Handler
    startup_gw1ns4c.o(RESET) refers to gw1ns4c_it.o(i.USER_INT5_Handler) for USER_INT5_Handler
    startup_gw1ns4c.o(RESET) refers to gw1ns4c_it.o(i.PORT0_0_Handler) for PORT0_0_Handler
    startup_gw1ns4c.o(RESET) refers to gw1ns4c_it.o(i.PORT0_1_Handler) for PORT0_1_Handler
    startup_gw1ns4c.o(RESET) refers to gw1ns4c_it.o(i.PORT0_2_Handler) for PORT0_2_Handler
    startup_gw1ns4c.o(RESET) refers to gw1ns4c_it.o(i.PORT0_3_Handler) for PORT0_3_Handler
    startup_gw1ns4c.o(RESET) refers to gw1ns4c_it.o(i.PORT0_4_Handler) for PORT0_4_Handler
    startup_gw1ns4c.o(RESET) refers to gw1ns4c_it.o(i.PORT0_5_Handler) for PORT0_5_Handler
    startup_gw1ns4c.o(RESET) refers to gw1ns4c_it.o(i.PORT0_6_Handler) for PORT0_6_Handler
    startup_gw1ns4c.o(RESET) refers to gw1ns4c_it.o(i.PORT0_7_Handler) for PORT0_7_Handler
    startup_gw1ns4c.o(RESET) refers to gw1ns4c_it.o(i.PORT0_8_Handler) for PORT0_8_Handler
    startup_gw1ns4c.o(RESET) refers to gw1ns4c_it.o(i.PORT0_9_Handler) for PORT0_9_Handler
    startup_gw1ns4c.o(RESET) refers to gw1ns4c_it.o(i.PORT0_10_Handler) for PORT0_10_Handler
    startup_gw1ns4c.o(RESET) refers to gw1ns4c_it.o(i.PORT0_11_Handler) for PORT0_11_Handler
    startup_gw1ns4c.o(RESET) refers to gw1ns4c_it.o(i.PORT0_12_Handler) for PORT0_12_Handler
    startup_gw1ns4c.o(RESET) refers to gw1ns4c_it.o(i.PORT0_13_Handler) for PORT0_13_Handler
    startup_gw1ns4c.o(RESET) refers to gw1ns4c_it.o(i.PORT0_14_Handler) for PORT0_14_Handler
    startup_gw1ns4c.o(RESET) refers to gw1ns4c_it.o(i.PORT0_15_Handler) for PORT0_15_Handler
    startup_gw1ns4c.o(.text) refers to system_gw1ns4c.o(i.SystemInit) for SystemInit
    startup_gw1ns4c.o(.text) refers to entry.o(.ARM.Collect$$$$00000000) for __main
    gw1ns4c_i2c.o(i.Delay_ms_i2c) refers to system_gw1ns4c.o(.data) for SystemCoreClock
    gw1ns4c_i2c.o(i.I2C_Init) refers to gw1ns4c_i2c.o(i.I2C_Enable) for I2C_Enable
    gw1ns4c_i2c.o(i.I2C_Init) refers to gw1ns4c_i2c.o(i.I2C_Rate_Set) for I2C_Rate_Set
    gw1ns4c_i2c.o(i.I2C_Rate_Set) refers to system_gw1ns4c.o(.data) for SystemCoreClock
    gw1ns4c_i2c.o(i.I2C_ReadBytes) refers to gw1ns4c_i2c.o(i.I2C_ReceiveByte) for I2C_ReceiveByte
    gw1ns4c_i2c.o(i.I2C_ReceiveByte) refers to gw1ns4c_i2c.o(i.Delay_ms_i2c) for Delay_ms_i2c
    gw1ns4c_i2c.o(i.I2C_SendByte) refers to gw1ns4c_i2c.o(i.Delay_ms_i2c) for Delay_ms_i2c
    gw1ns4c_i2c.o(i.I2C_SendBytes) refers to gw1ns4c_i2c.o(i.I2C_SendByte) for I2C_SendByte
    gw1ns4c_i2c.o(i.I2C_SendData) refers to gw1ns4c_i2c.o(i.Delay_ms_i2c) for Delay_ms_i2c
    gw1ns4c_rtc.o(i.RTC_init) refers to gw1ns4c_rtc.o(i.Set_Match_Value) for Set_Match_Value
    gw1ns4c_rtc.o(i.RTC_init) refers to gw1ns4c_rtc.o(i.Set_Load_Value) for Set_Load_Value
    gw1ns4c_rtc.o(i.RTC_init) refers to gw1ns4c_rtc.o(i.RTC_Inter_Mask_Set) for RTC_Inter_Mask_Set
[...]
    Removing gw1ns4c_uart.o(i.UART_SetHSTM), (10 bytes).
    Removing gw1ns4c_wdog.o(i.WDOG_ClrITModeEnable), (20 bytes).
    Removing gw1ns4c_wdog.o(i.WDOG_ClrITOP), (16 bytes).
    Removing gw1ns4c_wdog.o(i.WDOG_ClrIntEnable), (12 bytes).
    Removing gw1ns4c_wdog.o(i.WDOG_GetCounterValue), (12 bytes).
    Removing gw1ns4c_wdog.o(i.WDOG_GetITModeStatus), (20 bytes).
    Removing gw1ns4c_wdog.o(i.WDOG_GetITOPIntStatus), (20 bytes).
    Removing gw1ns4c_wdog.o(i.WDOG_GetITOPResStatus), (20 bytes).
    Removing gw1ns4c_wdog.o(i.WDOG_GetIntStatus), (20 bytes).
    Removing gw1ns4c_wdog.o(i.WDOG_GetMaskIntStatus), (20 bytes).
    Removing gw1ns4c_wdog.o(i.WDOG_GetRawIntStatus), (20 bytes).
    Removing gw1ns4c_wdog.o(i.WDOG_GetResStatus), (20 bytes).
    Removing gw1ns4c_wdog.o(i.WDOG_Init), (164 bytes).
    Removing gw1ns4c_wdog.o(i.WDOG_LockWriteAccess), (12 bytes).
    Removing gw1ns4c_wdog.o(i.WDOG_RestartCounter), (12 bytes).
    Removing gw1ns4c_wdog.o(i.WDOG_SetITModeEnable), (20 bytes).
    Removing gw1ns4c_wdog.o(i.WDOG_SetITOP), (12 bytes).
    Removing gw1ns4c_wdog.o(i.WDOG_SetIntEnable), (20 bytes).
    Removing gw1ns4c_wdog.o(i.WDOG_SetResetEnable), (20 bytes).
    Removing gw1ns4c_wdog.o(i.WDOG_UnlockWriteAccess), (16 bytes).
    Removing system_gw1ns4c.o(i.SystemCoreClockUpdate), (52 bytes).
    Removing retarget.o(i._ferror), (8 bytes).
    Removing retarget.o(i._sys_exit), (4 bytes).
    Removing retarget.o(i._ttywrch), (32 bytes).
    Removing retarget.o(i.fgetc), (30 bytes).
    Removing gui.o(i.LCD_ShowNum), (176 bytes).
    Removing gui.o(i.LCD_ShowString), (108 bytes).
    Removing gui.o(i.mypow), (22 bytes).
    Removing clock.o(i.rt_system_tick_init), (2 bytes).
    Removing clock.o(i.rt_tick_from_millisecond), (56 bytes).
    Removing clock.o(i.rt_tick_set), (28 bytes).
    Removing idle.o(i.rt_thread_idle_gethandler), (8 bytes).
    Removing ipc.o(i.rt_ipc_list_resume_all), (50 bytes).
    Removing ipc.o(i.rt_mb_control), (66 bytes).
    Removing ipc.o(i.rt_mb_create), (82 bytes).
    Removing ipc.o(i.rt_mb_delete), (36 bytes).
    Removing ipc.o(i.rt_mb_detach), (30 bytes).
    Removing ipc.o(i.rt_mb_init), (62 bytes).
    Removing ipc.o(i.rt_mb_recv), (244 bytes).
    Removing ipc.o(i.rt_mb_send), (18 bytes).
    Removing ipc.o(i.rt_mb_send_wait), (246 bytes).
    Removing ipc.o(i.rt_sem_control), (54 bytes).
    Removing ipc.o(i.rt_sem_create), (42 bytes).
    Removing ipc.o(i.rt_sem_delete), (22 bytes).
    Removing ipc.o(i.rt_sem_detach), (22 bytes).
    Removing ipc.o(i.rt_sem_trytake), (14 bytes).
    Removing irq.o(i.rt_interrupt_get_nest), (12 bytes).
    Removing kservice.o(i._rt_errno), (36 bytes).
    Removing kservice.o(i.rt_free_align), (16 bytes).
    Removing kservice.o(i.rt_get_errno), (36 bytes).
    Removing kservice.o(i.rt_hw_console_output), (2 bytes).
    Removing kservice.o(i.rt_kputs), (18 bytes).
    Removing kservice.o(i.rt_malloc_align), (66 bytes).
    Removing kservice.o(i.rt_memcmp), (38 bytes).
    Removing kservice.o(i.rt_memcpy), (124 bytes).
    Removing kservice.o(i.rt_memmove), (66 bytes).
    Removing kservice.o(i.rt_set_errno), (40 bytes).
    Removing kservice.o(i.rt_snprintf), (38 bytes).
    Removing kservice.o(i.rt_sprintf), (34 bytes).
    Removing kservice.o(i.rt_strcasecmp), (48 bytes).
    Removing kservice.o(i.rt_strcmp), (28 bytes).
    Removing kservice.o(i.rt_strdup), (40 bytes).
    Removing kservice.o(i.rt_strncmp), (40 bytes).
    Removing kservice.o(i.rt_strnlen), (24 bytes).
    Removing kservice.o(i.rt_strstr), (58 bytes).
    Removing kservice.o(i.rt_vsprintf), (22 bytes).
    Removing kservice.o(.data), (4 bytes).
    Removing mem.o(i.rt_calloc), (34 bytes).
    Removing mem.o(i.rt_memory_info), (40 bytes).
    Removing mem.o(i.rt_realloc), (296 bytes).
    Removing object.o(i.rt_object_find), (86 bytes).
    Removing object.o(i.rt_object_get_type), (10 bytes).
    Removing object.o(i.rt_system_object_init), (2 bytes).
    Removing scheduler.o(i.rt_critical_level), (12 bytes).
    Removing thread.o(i.rt_thread_control), (118 bytes).
    Removing thread.o(i.rt_thread_delay), (12 bytes).
    Removing thread.o(i.rt_thread_delete), (64 bytes).
    Removing thread.o(i.rt_thread_detach), (88 bytes).
    Removing thread.o(i.rt_thread_find), (82 bytes).
    Removing thread.o(i.rt_thread_mdelay), (20 bytes).
    Removing thread.o(i.rt_thread_sleep), (68 bytes).
    Removing timer.o(i.rt_timer_create), (54 bytes).
    Removing timer.o(i.rt_timer_delete), (32 bytes).
    Removing timer.o(i.rt_timer_list_next_timeout), (28 bytes).
    Removing timer.o(i.rt_timer_next_timeout_tick), (16 bytes).
    Removing cpuport.o(i.rt_hw_cpu_reset), (16 bytes).
    Removing cpuport.o(i.rt_hw_cpu_shutdown), (28 bytes).
    Removing cpuport.o(i.rt_hw_exception_install), (12 bytes).
    Removing dadd.o(.text), (334 bytes).
    Removing dmul.o(.text), (228 bytes).
    Removing ddiv.o(.text), (222 bytes).
    Removing dfixul.o(.text), (48 bytes).
    Removing cdrcmple.o(.text), (48 bytes).
    Removing depilogue.o(.text), (186 bytes).

203 unused section(s) (total 7792 bytes) removed from the image.

==============================================================================

Image Symbol Table

    Local Symbols

    Symbol Name                              Value     Ov Type        Size  Object(Section)

    RESET                                    0x00000000   Section      192  startup_gw1ns4c.o(RESET)
    ../clib/microlib/division.c              0x00000000   Number         0  uidiv.o ABSOLUTE
    ../clib/microlib/division.c              0x00000000   Number         0  uldiv.o ABSOLUTE
    ../clib/microlib/init/entry.s            0x00000000   Number         0  entry9b.o ABSOLUTE
    ../clib/microlib/init/entry.s            0x00000000   Number         0  entry2.o ABSOLUTE
    ../clib/microlib/init/entry.s            0x00000000   Number         0  entry5.o ABSOLUTE
    ../clib/microlib/init/entry.s            0x00000000   Number         0  entry11b.o ABSOLUTE
    ../clib/microlib/init/entry.s            0x00000000   Number         0  entry7a.o ABSOLUTE
    ../clib/microlib/init/entry.s            0x00000000   Number         0  entry7b.o ABSOLUTE
    ../clib/microlib/init/entry.s            0x00000000   Number         0  entry.o ABSOLUTE
    ../clib/microlib/init/entry.s            0x00000000   Number         0  entry8a.o ABSOLUTE
    ../clib/microlib/init/entry.s            0x00000000   Number         0  entry11a.o ABSOLUTE
    ../clib/microlib/init/entry.s            0x00000000   Number         0  entry8b.o ABSOLUTE
    ../clib/microlib/init/entry.s            0x00000000   Number         0  entry10b.o ABSOLUTE
    ../clib/microlib/init/entry.s            0x00000000   Number         0  entry9a.o ABSOLUTE
    ../clib/microlib/init/entry.s            0x00000000   Number         0  entry10a.o ABSOLUTE
    ../clib/microlib/longlong.c              0x00000000   Number         0  llushr.o ABSOLUTE
    ../clib/microlib/longlong.c              0x00000000   Number         0  llsshr.o ABSOLUTE
    ../clib/microlib/longlong.c              0x00000000   Number         0  llshl.o ABSOLUTE
    ../clib/microlib/printf/printf.c         0x00000000   Number         0  printf7.o ABSOLUTE
    ../clib/microlib/printf/printf.c         0x00000000   Number         0  printf8.o ABSOLUTE
    ../clib/microlib/printf/printf.c         0x00000000   Number         0  printfa.o ABSOLUTE
    ../clib/microlib/printf/printf.c         0x00000000   Number         0  printf1.o ABSOLUTE
    ../clib/microlib/printf/printf.c         0x00000000   Number         0  printf0.o ABSOLUTE
    ../clib/microlib/printf/printf.c         0x00000000   Number         0  printfb.o ABSOLUTE
    ../clib/microlib/printf/printf.c         0x00000000   Number         0  printf2.o ABSOLUTE
    ../clib/microlib/printf/printf.c         0x00000000   Number         0  printf5.o ABSOLUTE
    ../clib/microlib/printf/printf.c         0x00000000   Number         0  printf6.o ABSOLUTE
    ../clib/microlib/printf/printf.c         0x00000000   Number         0  printf4.o ABSOLUTE
    ../clib/microlib/printf/printf.c         0x00000000   Number         0  printf3.o ABSOLUTE
    ../clib/microlib/string/strlen.c         0x00000000   Number         0  strlen.o ABSOLUTE
    ../clib/microlib/stubs.s                 0x00000000   Number         0  useno.o ABSOLUTE
    ../clib/microlib/stubs.s                 0x00000000   Number         0  iusefp.o ABSOLUTE
    ../fplib/microlib/fpadd.c                0x00000000   Number         0  dadd.o ABSOLUTE
    ../fplib/microlib/fpdiv.c                0x00000000   Number         0  ddiv.o ABSOLUTE
    ../fplib/microlib/fpepilogue.c           0x00000000   Number         0  depilogue.o ABSOLUTE
    ../fplib/microlib/fpfix.c                0x00000000   Number         0  dfixul.o ABSOLUTE
    ../fplib/microlib/fpmul.c                0x00000000   Number         0  dmul.o ABSOLUTE
    ..\CORE\core_cm3.c                       0x00000000   Number         0  core_cm3.o ABSOLUTE
    ..\HwDrivers\GUI.c                       0x00000000   Number         0  gui.o ABSOLUTE
    ..\HwDrivers\lcd.c                       0x00000000   Number         0  lcd.o ABSOLUTE
    ..\HwDrivers\test.c                      0x00000000   Number         0  test.o ABSOLUTE
    ..\PERIPHERAL\Sources\gw1ns4c_gpio.c     0x00000000   Number         0  gw1ns4c_gpio.o ABSOLUTE
    ..\PERIPHERAL\Sources\gw1ns4c_i2c.c      0x00000000   Number         0  gw1ns4c_i2c.o ABSOLUTE
    ..\PERIPHERAL\Sources\gw1ns4c_misc.c     0x00000000   Number         0  gw1ns4c_misc.o ABSOLUTE
    ..\PERIPHERAL\Sources\gw1ns4c_rtc.c      0x00000000   Number         0  gw1ns4c_rtc.o ABSOLUTE
    ..\PERIPHERAL\Sources\gw1ns4c_spi.c      0x00000000   Number         0  gw1ns4c_spi.o ABSOLUTE
    ..\PERIPHERAL\Sources\gw1ns4c_syscon.c   0x00000000   Number         0  gw1ns4c_syscon.o ABSOLUTE
    ..\PERIPHERAL\Sources\gw1ns4c_timer.c    0x00000000   Number         0  gw1ns4c_timer.o ABSOLUTE
    ..\PERIPHERAL\Sources\gw1ns4c_uart.c     0x00000000   Number         0  gw1ns4c_uart.o ABSOLUTE
    ..\PERIPHERAL\Sources\gw1ns4c_wdog.c     0x00000000   Number         0  gw1ns4c_wdog.o ABSOLUTE
    ..\STARTUP\startup_gw1ns4c.s             0x00000000   Number         0  startup_gw1ns4c.o ABSOLUTE
    ..\SYSTEM\system_gw1ns4c.c               0x00000000   Number         0  system_gw1ns4c.o ABSOLUTE
    ..\USER\gw1ns4c_it.c                     0x00000000   Number         0  gw1ns4c_it.o ABSOLUTE
    ..\USER\main.c                           0x00000000   Number         0  main.o ABSOLUTE
    ..\USER\retarget.c                       0x00000000   Number         0  retarget.o ABSOLUTE
    ..\\CORE\\core_cm3.c                     0x00000000   Number         0  core_cm3.o ABSOLUTE
    ..\rt-thread-3.1.3\bsp\board.c           0x00000000   Number         0  board.o ABSOLUTE
    ..\rt-thread-3.1.3\components\finsh\cmd.c 0x00000000   Number         0  cmd.o ABSOLUTE
    ..\rt-thread-3.1.3\components\finsh\msh.c 0x00000000   Number         0  msh.o ABSOLUTE
    ..\rt-thread-3.1.3\components\finsh\shell.c 0x00000000   Number         0  shell.o ABSOLUTE
    ..\rt-thread-3.1.3\libcpu\arm\cortex-m3\context_rvds.S 0x00000000   Number         0  context_rvds.o ABSOLUTE
    ..\rt-thread-3.1.3\libcpu\arm\cortex-m3\cpuport.c 0x00000000   Number         0  cpuport.o ABSOLUTE
    ..\rt-thread-3.1.3\src\clock.c           0x00000000   Number         0  clock.o ABSOLUTE
    ..\rt-thread-3.1.3\src\components.c      0x00000000   Number         0  components.o ABSOLUTE
    ..\rt-thread-3.1.3\src\cpu.c             0x00000000   Number         0  cpu.o ABSOLUTE
    ..\rt-thread-3.1.3\src\idle.c            0x00000000   Number         0  idle.o ABSOLUTE
    ..\rt-thread-3.1.3\src\ipc.c             0x00000000   Number         0  ipc.o ABSOLUTE
    ..\rt-thread-3.1.3\src\irq.c             0x00000000   Number         0  irq.o ABSOLUTE
    ..\rt-thread-3.1.3\src\kservice.c        0x00000000   Number         0  kservice.o ABSOLUTE
    ..\rt-thread-3.1.3\src\mem.c             0x00000000   Number         0  mem.o ABSOLUTE
    ..\rt-thread-3.1.3\src\memheap.c         0x00000000   Number         0  memheap.o ABSOLUTE
    ..\rt-thread-3.1.3\src\mempool.c         0x00000000   Number         0  mempool.o ABSOLUTE
    ..\rt-thread-3.1.3\src\object.c          0x00000000   Number         0  object.o ABSOLUTE
    ..\rt-thread-3.1.3\src\scheduler.c       0x00000000   Number         0  scheduler.o ABSOLUTE
    ..\rt-thread-3.1.3\src\slab.c            0x00000000   Number         0  slab.o ABSOLUTE
    ..\rt-thread-3.1.3\src\thread.c          0x00000000   Number         0  thread.o ABSOLUTE
    ..\rt-thread-3.1.3\src\timer.c           0x00000000   Number         0  timer.o ABSOLUTE
    cdrcmple.s                               0x00000000   Number         0  cdrcmple.o ABSOLUTE
    dc.s                                     0x00000000   Number         0  dc.o ABSOLUTE
    handlers.s                               0x00000000   Number         0  handlers.o ABSOLUTE
    init.s                                   0x00000000   Number         0  init.o ABSOLUTE
    .ARM.Collect$$$$00000000                 0x000000c0   Section        0  entry.o(.ARM.Collect$$$$00000000)
    .ARM.Collect$$$$00000001                 0x000000c0   Section        4  entry2.o(.ARM.Collect$$$$00000001)
    .ARM.Collect$$$$00000004                 0x000000c4   Section        4  entry5.o(.ARM.Collect$$$$00000004)
    .ARM.Collect$$$$00000008                 0x000000c8   Section        0  entry7b.o(.ARM.Collect$$$$00000008)
    .ARM.Collect$$$$0000000A                 0x000000c8   Section        0  entry8b.o(.ARM.Collect$$$$0000000A)
    .ARM.Collect$$$$0000000B                 0x000000c8   Section        8  entry9a.o(.ARM.Collect$$$$0000000B)
    .ARM.Collect$$$$0000000D                 0x000000d0   Section        0  entry10a.o(.ARM.Collect$$$$0000000D)
    .ARM.Collect$$$$0000000F                 0x000000d0   Section        0  entry11a.o(.ARM.Collect$$$$0000000F)
    .ARM.Collect$$$$00002712                 0x000000d0   Section        4  entry2.o(.ARM.Collect$$$$00002712)
    __lit__00000000                          0x000000d0   Data           4  entry2.o(.ARM.Collect$$$$00002712)
    .text                                    0x000000d4   Section       36  startup_gw1ns4c.o(.text)
    .text                                    0x000000f8   Section      244  context_rvds.o(.text)
    .text                                    0x000001ec   Section        0  strlen.o(.text)
    .text                                    0x000001fc   Section       36  init.o(.text)
    i.$Sub$$main                             0x00000220   Section        0  components.o(i.$Sub$$main)
    i.BusFault_Handler                       0x0000022a   Section        0  gw1ns4c_it.o(i.BusFault_Handler)
    i.Chinese_Font_test                      0x00000230   Section        0  test.o(i.Chinese_Font_test)
    i.DebugMon_Handler                       0x00000324   Section        0  gw1ns4c_it.o(i.DebugMon_Handler)
    i.DrawTestPage                           0x00000328   Section        0  test.o(i.DrawTestPage)
    i.Draw_Triangel                          0x000003c0   Section        0  gui.o(i.Draw_Triangel)
    i.English_Font_test                      0x000003f8   Section        0  test.o(i.English_Font_test)
    i.Fill_Triangel                          0x000005ac   Section        0  gui.o(i.Fill_Triangel)
    i.GPIOInit                               0x000007bc   Section        0  main.o(i.GPIOInit)
    i.GPIO_Init                              0x00000864   Section        0  gw1ns4c_gpio.o(i.GPIO_Init)
    i.GPIO_ResetBit                          0x00000928   Section        0  gw1ns4c_gpio.o(i.GPIO_ResetBit)
    i.GPIO_SetBit                            0x00000930   Section        0  gw1ns4c_gpio.o(i.GPIO_SetBit)
    i.GUI_DrawFont16                         0x00000938   Section        0  gui.o(i.GUI_DrawFont16)
    i.GUI_DrawFont24                         0x00000a40   Section        0  gui.o(i.GUI_DrawFont24)
    i.GUI_DrawFont32                         0x00000b58   Section        0  gui.o(i.GUI_DrawFont32)
    i.GUI_DrawPoint                          0x00000c60   Section        0  gui.o(i.GUI_DrawPoint)
    i.Gui_Drawbmp16                          0x00000c78   Section        0  gui.o(i.Gui_Drawbmp16)
    i.Gui_StrCenter                          0x00000cd8   Section        0  gui.o(i.Gui_StrCenter)
    i.I2C_Handler                            0x00000d18   Section        0  gw1ns4c_it.o(i.I2C_Handler)
    i.LCD_Clear                              0x00000d1c   Section        0  lcd.o(i.LCD_Clear)
    i.LCD_DrawFillRectangle                  0x00000d7c   Section        0  gui.o(i.LCD_DrawFillRectangle)
    i.LCD_DrawLine                           0x00000da0   Section        0  gui.o(i.LCD_DrawLine)
    i.LCD_DrawPoint                          0x00000e50   Section        0  lcd.o(i.LCD_DrawPoint)
    i.LCD_DrawRectangle                      0x00000e6c   Section        0  gui.o(i.LCD_DrawRectangle)
    i.LCD_Fill                               0x00000eac   Section        0  gui.o(i.LCD_Fill)
    i.LCD_Init                               0x00000f20   Section        0  lcd.o(i.LCD_Init)
    i.LCD_RESET                              0x0000116c   Section        0  lcd.o(i.LCD_RESET)
    i.LCD_SetCursor                          0x00001190   Section        0  lcd.o(i.LCD_SetCursor)
    i.LCD_SetWindows                         0x000011a4   Section        0  lcd.o(i.LCD_SetWindows)
    i.LCD_ShowChar                           0x000011fc   Section        0  gui.o(i.LCD_ShowChar)
    i.LCD_WR_DATA                            0x00001320   Section        0  lcd.o(i.LCD_WR_DATA)
    i.LCD_WR_REG                             0x00001348   Section        0  lcd.o(i.LCD_WR_REG)
    i.LCD_WriteRAM_Prepare                   0x00001370   Section        0  lcd.o(i.LCD_WriteRAM_Prepare)
    i.LCD_WriteReg                           0x00001380   Section        0  lcd.o(i.LCD_WriteReg)
    i.LCD_direction                          0x00001394   Section        0  lcd.o(i.LCD_direction)
    i.Lcd_WriteData_16Bit                    0x00001418   Section        0  lcd.o(i.Lcd_WriteData_16Bit)
    i.MemManage_Handler                      0x0000144c   Section        0  gw1ns4c_it.o(i.MemManage_Handler)
    i.NMI_Handler                            0x00001450   Section        0  gw1ns4c_it.o(i.NMI_Handler)
    i.PORT0_0_Handler                        0x00001452   Section        0  gw1ns4c_it.o(i.PORT0_0_Handler)
    i.PORT0_10_Handler                       0x00001454   Section        0  gw1ns4c_it.o(i.PORT0_10_Handler)
    i.PORT0_11_Handler                       0x00001456   Section        0  gw1ns4c_it.o(i.PORT0_11_Handler)
    i.PORT0_12_Handler                       0x00001458   Section        0  gw1ns4c_it.o(i.PORT0_12_Handler)
    i.PORT0_13_Handler                       0x0000145a   Section        0  gw1ns4c_it.o(i.PORT0_13_Handler)
    i.PORT0_14_Handler                       0x0000145c   Section        0  gw1ns4c_it.o(i.PORT0_14_Handler)
    i.PORT0_15_Handler                       0x0000145e   Section        0  gw1ns4c_it.o(i.PORT0_15_Handler)
    i.PORT0_1_Handler                        0x00001460   Section        0  gw1ns4c_it.o(i.PORT0_1_Handler)
    i.PORT0_2_Handler                        0x00001462   Section        0  gw1ns4c_it.o(i.PORT0_2_Handler)
    i.PORT0_3_Handler                        0x00001464   Section        0  gw1ns4c_it.o(i.PORT0_3_Handler)
    i.PORT0_4_Handler                        0x00001466   Section        0  gw1ns4c_it.o(i.PORT0_4_Handler)
    i.PORT0_5_Handler                        0x00001468   Section        0  gw1ns4c_it.o(i.PORT0_5_Handler)
    i.PORT0_6_Handler                        0x0000146a   Section        0  gw1ns4c_it.o(i.PORT0_6_Handler)
    i.PORT0_7_Handler                        0x0000146c   Section        0  gw1ns4c_it.o(i.PORT0_7_Handler)
    i.PORT0_8_Handler                        0x0000146e   Section        0  gw1ns4c_it.o(i.PORT0_8_Handler)
    i.PORT0_9_Handler                        0x00001470   Section        0  gw1ns4c_it.o(i.PORT0_9_Handler)
    i.Pic_test                               0x00001474   Section        0  test.o(i.Pic_test)
    i.RTC_Handler                            0x00001510   Section        0  gw1ns4c_it.o(i.RTC_Handler)
    i.Rotate_Test                            0x00001514   Section        0  test.o(i.Rotate_Test)
    i.SPIInit                                0x0000159c   Section        0  main.o(i.SPIInit)
    i.SPI_Init                               0x000015b8   Section        0  gw1ns4c_spi.o(i.SPI_Init)
    i.SPI_WriteData                          0x000015f8   Section        0  gw1ns4c_spi.o(i.SPI_WriteData)
    i.SVC_Handler                            0x00001604   Section        0  gw1ns4c_it.o(i.SVC_Handler)
    i.Show_Str                               0x00001608   Section        0  gui.o(i.Show_Str)
    i.SysTick_Handler                        0x00001714   Section        0  board.o(i.SysTick_Handler)
    i.SystemInit                             0x00001724   Section        0  system_gw1ns4c.o(i.SystemInit)
    i.TIMER0_Handler                         0x00001758   Section        0  gw1ns4c_it.o(i.TIMER0_Handler)
    i.TIMER1_Handler                         0x0000175a   Section        0  gw1ns4c_it.o(i.TIMER1_Handler)
    i.Test_Circle                            0x0000175c   Section        0  test.o(i.Test_Circle)
    i.Test_Color                             0x0000185c   Section        0  test.o(i.Test_Color)
    i.Test_FillRec                           0x0000195c   Section        0  test.o(i.Test_FillRec)
    i.Test_Triangle                          0x00001b08   Section        0  test.o(i.Test_Triangle)
    i.UART0_Handler                          0x00001d0c   Section        0  gw1ns4c_it.o(i.UART0_Handler)
    i.UART1_Handler                          0x00001d0e   Section        0  gw1ns4c_it.o(i.UART1_Handler)
    i.UART_Init                              0x00001d10   Section        0  gw1ns4c_uart.o(i.UART_Init)
    i.UART_SendChar                          0x00001d90   Section        0  gw1ns4c_uart.o(i.UART_SendChar)
    i.USER_INT0_Handler                      0x00001da0   Section        0  gw1ns4c_it.o(i.USER_INT0_Handler)
    i.USER_INT1_Handler                      0x00001da2   Section        0  gw1ns4c_it.o(i.USER_INT1_Handler)
    i.USER_INT2_Handler                      0x00001da4   Section        0  gw1ns4c_it.o(i.USER_INT2_Handler)
    i.USER_INT3_Handler                      0x00001da6   Section        0  gw1ns4c_it.o(i.USER_INT3_Handler)
    i.USER_INT4_Handler                      0x00001da8   Section        0  gw1ns4c_it.o(i.USER_INT4_Handler)
    i.USER_INT5_Handler                      0x00001daa   Section        0  gw1ns4c_it.o(i.USER_INT5_Handler)
    i.UartInit                               0x00001dac   Section        0  main.o(i.UartInit)
    i.UsageFault_Handler                     0x00001de4   Section        0  gw1ns4c_it.o(i.UsageFault_Handler)
    i._SysTick_Config                        0x00001de8   Section        0  board.o(i._SysTick_Config)
    _SysTick_Config                          0x00001de9   Thumb Code    44  board.o(i._SysTick_Config)
    i.__0printf$bare                         0x00001e18   Section        0  printfb.o(i.__0printf$bare)
    i.__rt_ffs                               0x00001e28   Section        0  kservice.o(i.__rt_ffs)
    i.__scatterload_copy                     0x00001e74   Section       14  handlers.o(i.__scatterload_copy)
    i.__scatterload_null                     0x00001e82   Section        2  handlers.o(i.__scatterload_null)
    i.__scatterload_zeroinit                 0x00001e84   Section       14  handlers.o(i.__scatterload_zeroinit)
    i._draw_circle_8                         0x00001e92   Section        0  gui.o(i._draw_circle_8)
    i._has_defunct_thread                    0x00001f18   Section        0  idle.o(i._has_defunct_thread)
    _has_defunct_thread                      0x00001f19   Thumb Code    16  idle.o(i._has_defunct_thread)
    i._printf_core                           0x00001f2c   Section        0  printfb.o(i._printf_core)
    _printf_core                             0x00001f2d   Thumb Code    34  printfb.o(i._printf_core)
    i._rt_thread_init                        0x00001f50   Section        0  thread.o(i._rt_thread_init)
    _rt_thread_init                          0x00001f51   Thumb Code   124  thread.o(i._rt_thread_init)
    i._rt_timer_init                         0x00001fd4   Section        0  timer.o(i._rt_timer_init)
    _rt_timer_init                           0x00001fd5   Thumb Code    66  timer.o(i._rt_timer_init)
    i._rt_timer_remove                       0x00002016   Section        0  timer.o(i._rt_timer_remove)
    _rt_timer_remove                         0x00002017   Thumb Code    46  timer.o(i._rt_timer_remove)
    i._swap                                  0x00002044   Section        0  gui.o(i._swap)
    _swap                                    0x00002045   Thumb Code    10  gui.o(i._swap)
    i.delay_ms                               0x00002050   Section        0  main.o(i.delay_ms)
    i.fputc                                  0x00002074   Section        0  retarget.o(i.fputc)
    i.gui_circle                             0x00002098   Section        0  gui.o(i.gui_circle)
    i.main                                   0x00002134   Section        0  main.o(i.main)
    i.main_test                              0x000021e8   Section        0  test.o(i.main_test)
    i.main_thread_entry                      0x000022ec   Section        0  components.o(i.main_thread_entry)
    i.plug_holes                             0x000022fc   Section        0  mem.o(i.plug_holes)
    plug_holes                               0x000022fd   Thumb Code   108  mem.o(i.plug_holes)
    i.print_number                           0x00002374   Section        0  kservice.o(i.print_number)
    print_number                             0x00002375   Thumb Code   400  kservice.o(i.print_number)
    i.rt_application_init                    0x0000250c   Section        0  components.o(i.rt_application_init)
    i.rt_components_board_init               0x00002538   Section        0  components.o(i.rt_components_board_init)
    i.rt_components_init                     0x00002554   Section        0  components.o(i.rt_components_init)
    i.rt_enter_critical                      0x00002570   Section        0  scheduler.o(i.rt_enter_critical)
    i.rt_exit_critical                       0x00002590   Section        0  scheduler.o(i.rt_exit_critical)
    i.rt_free                                0x000025d4   Section        0  mem.o(i.rt_free)
    i.rt_heap_begin_get                      0x000026b4   Section        0  board.o(i.rt_heap_begin_get)
    i.rt_heap_end_get                        0x000026bc   Section        0  board.o(i.rt_heap_end_get)
    i.rt_hw_board_init                       0x000026c4   Section        0  board.o(i.rt_hw_board_init)
    i.rt_hw_console_output                   0x000026fc   Section        0  board.o(i.rt_hw_console_output)
    i.rt_hw_hard_fault_exception             0x00002738   Section        0  cpuport.o(i.rt_hw_hard_fault_exception)
    i.rt_hw_stack_init                       0x00002938   Section        0  cpuport.o(i.rt_hw_stack_init)
    i.rt_interrupt_enter                     0x00002984   Section        0  irq.o(i.rt_interrupt_enter)
    i.rt_interrupt_leave                     0x000029a4   Section        0  irq.o(i.rt_interrupt_leave)
    i.rt_ipc_list_resume                     0x000029c4   Section        0  ipc.o(i.rt_ipc_list_resume)
    rt_ipc_list_resume                       0x000029c5   Thumb Code    20  ipc.o(i.rt_ipc_list_resume)
    i.rt_ipc_list_suspend                    0x000029d8   Section        0  ipc.o(i.rt_ipc_list_suspend)
    rt_ipc_list_suspend                      0x000029d9   Thumb Code   108  ipc.o(i.rt_ipc_list_suspend)
    i.rt_ipc_object_init                     0x00002a44   Section        0  ipc.o(i.rt_ipc_object_init)
    rt_ipc_object_init                       0x00002a45   Thumb Code    16  ipc.o(i.rt_ipc_object_init)
    i.rt_kprintf                             0x00002a54   Section        0  kservice.o(i.rt_kprintf)
    i.rt_list_init                           0x00002a84   Section        0  ipc.o(i.rt_list_init)
    rt_list_init                             0x00002a85   Thumb Code     6  ipc.o(i.rt_list_init)
    i.rt_list_init                           0x00002a8a   Section        0  scheduler.o(i.rt_list_init)
    rt_list_init                             0x00002a8b   Thumb Code     6  scheduler.o(i.rt_list_init)
    i.rt_list_init                           0x00002a90   Section        0  timer.o(i.rt_list_init)
    rt_list_init                             0x00002a91   Thumb Code     6  timer.o(i.rt_list_init)
    i.rt_list_insert_after                   0x00002a96   Section        0  object.o(i.rt_list_insert_after)
    rt_list_insert_after                     0x00002a97   Thumb Code    14  object.o(i.rt_list_insert_after)
    i.rt_list_insert_after                   0x00002aa4   Section        0  thread.o(i.rt_list_insert_after)
    rt_list_insert_after                     0x00002aa5   Thumb Code    14  thread.o(i.rt_list_insert_after)
    i.rt_list_insert_after                   0x00002ab2   Section        0  timer.o(i.rt_list_insert_after)
    rt_list_insert_after                     0x00002ab3   Thumb Code    14  timer.o(i.rt_list_insert_after)
    i.rt_list_insert_before                  0x00002ac0   Section        0  ipc.o(i.rt_list_insert_before)
    rt_list_insert_before                    0x00002ac1   Thumb Code    14  ipc.o(i.rt_list_insert_before)
    i.rt_list_isempty                        0x00002ace   Section        0  ipc.o(i.rt_list_isempty)
    rt_list_isempty                          0x00002acf   Thumb Code    16  ipc.o(i.rt_list_isempty)
    i.rt_list_isempty                        0x00002ade   Section        0  timer.o(i.rt_list_isempty)
    rt_list_isempty                          0x00002adf   Thumb Code    16  timer.o(i.rt_list_isempty)
    i.rt_list_remove                         0x00002aee   Section        0  object.o(i.rt_list_remove)
    rt_list_remove                           0x00002aef   Thumb Code    18  object.o(i.rt_list_remove)
    i.rt_list_remove                         0x00002b00   Section        0  thread.o(i.rt_list_remove)
    rt_list_remove                           0x00002b01   Thumb Code    18  thread.o(i.rt_list_remove)
    i.rt_malloc                              0x00002b14   Section        0  mem.o(i.rt_malloc)
    i.rt_memset                              0x00002c80   Section        0  kservice.o(i.rt_memset)
    i.rt_object_allocate                     0x00002cc8   Section        0  object.o(i.rt_object_allocate)
    i.rt_object_delete                       0x00002d1c   Section        0  object.o(i.rt_object_delete)
    i.rt_object_detach                       0x00002d40   Section        0  object.o(i.rt_object_detach)
    i.rt_object_get_information              0x00002d60   Section        0  object.o(i.rt_object_get_information)
    i.rt_object_init                         0x00002d88   Section        0  object.o(i.rt_object_init)
    i.rt_object_is_systemobject              0x00002dde   Section        0  object.o(i.rt_object_is_systemobject)
    i.rt_schedule                            0x00002df0   Section        0  scheduler.o(i.rt_schedule)
    i.rt_schedule_insert_thread              0x00002e74   Section        0  scheduler.o(i.rt_schedule_insert_thread)
    i.rt_schedule_remove_thread              0x00002ec4   Section        0  scheduler.o(i.rt_schedule_remove_thread)
    i.rt_sem_init                            0x00002f18   Section        0  ipc.o(i.rt_sem_init)
    i.rt_sem_release                         0x00002f3e   Section        0  ipc.o(i.rt_sem_release)
    i.rt_sem_take                            0x00002f78   Section        0  ipc.o(i.rt_sem_take)
    i.rt_show_version                        0x00002fec   Section        0  kservice.o(i.rt_show_version)
    i.rt_strlen                              0x0000309c   Section        0  kservice.o(i.rt_strlen)
    i.rt_strncpy                             0x000030ae   Section        0  kservice.o(i.rt_strncpy)
    i.rt_system_heap_init                    0x000030e4   Section        0  mem.o(i.rt_system_heap_init)
    i.rt_system_scheduler_init               0x000031dc   Section        0  scheduler.o(i.rt_system_scheduler_init)
    i.rt_system_scheduler_start              0x00003228   Section        0  scheduler.o(i.rt_system_scheduler_start)
    i.rt_system_timer_init                   0x00003258   Section        0  timer.o(i.rt_system_timer_init)
    i.rt_system_timer_thread_init            0x00003274   Section        0  timer.o(i.rt_system_timer_thread_init)
    i.rt_thread_create                       0x00003276   Section        0  thread.o(i.rt_thread_create)
    i.rt_thread_exit                         0x000032c8   Section        0  thread.o(i.rt_thread_exit)
    i.rt_thread_idle_entry                   0x0000331c   Section        0  idle.o(i.rt_thread_idle_entry)
    rt_thread_idle_entry                     0x0000331d   Thumb Code     8  idle.o(i.rt_thread_idle_entry)
    i.rt_thread_idle_excute                  0x00003324   Section        0  idle.o(i.rt_thread_idle_excute)
    i.rt_thread_idle_init                    0x000033b0   Section        0  idle.o(i.rt_thread_idle_init)
    i.rt_thread_init                         0x000033ec   Section        0  thread.o(i.rt_thread_init)
    i.rt_thread_resume                       0x00003420   Section        0  thread.o(i.rt_thread_resume)
    i.rt_thread_self                         0x0000345c   Section        0  thread.o(i.rt_thread_self)
    i.rt_thread_startup                      0x00003468   Section        0  thread.o(i.rt_thread_startup)
    i.rt_thread_suspend                      0x00003494   Section        0  thread.o(i.rt_thread_suspend)
    i.rt_thread_timeout                      0x000034d8   Section        0  thread.o(i.rt_thread_timeout)
    i.rt_thread_yield                        0x000034f8   Section        0  thread.o(i.rt_thread_yield)
    i.rt_tick_get                            0x0000355c   Section        0  clock.o(i.rt_tick_get)
    i.rt_tick_increase                       0x00003568   Section        0  clock.o(i.rt_tick_increase)
    i.rt_timer_check                         0x00003598   Section        0  timer.o(i.rt_timer_check)
    i.rt_timer_control                       0x00003614   Section        0  timer.o(i.rt_timer_control)
    i.rt_timer_detach                        0x0000364c   Section        0  timer.o(i.rt_timer_detach)
    i.rt_timer_init                          0x0000366c   Section        0  timer.o(i.rt_timer_init)
    i.rt_timer_start                         0x0000369c   Section        0  timer.o(i.rt_timer_start)
    i.rt_timer_stop                          0x00003794   Section        0  timer.o(i.rt_timer_stop)
    i.rt_vsnprintf                           0x000037c4   Section        0  kservice.o(i.rt_vsnprintf)
    i.rti_board_end                          0x00003af4   Section        0  components.o(i.rti_board_end)
    rti_board_end                            0x00003af5   Thumb Code     4  components.o(i.rti_board_end)
    i.rti_board_start                        0x00003af8   Section        0  components.o(i.rti_board_start)
    rti_board_start                          0x00003af9   Thumb Code     4  components.o(i.rti_board_start)
    i.rti_end                                0x00003afc   Section        0  components.o(i.rti_end)
    rti_end                                  0x00003afd   Thumb Code     4  components.o(i.rti_end)
    i.rti_start                              0x00003b00   Section        0  components.o(i.rti_start)
    rti_start                                0x00003b01   Thumb Code     4  components.o(i.rti_start)
    i.rtthread_startup                       0x00003b04   Section        0  components.o(i.rtthread_startup)
    i.skip_atoi                              0x00003b2e   Section        0  kservice.o(i.skip_atoi)
    skip_atoi                                0x00003b2f   Thumb Code    38  kservice.o(i.skip_atoi)
    .constdata                               0x00003b54   Section     5806  gui.o(.constdata)
    .constdata                               0x00005204   Section     3216  test.o(.constdata)
    .constdata                               0x00005e94   Section      290  kservice.o(.constdata)
    small_digits                             0x00005f94   Data          17  kservice.o(.constdata)
    large_digits                             0x00005fa5   Data          17  kservice.o(.constdata)
    .conststring                             0x00005fb8   Section       55  test.o(.conststring)
    .rti_fn.0                                0x00005ff0   Section        4  components.o(.rti_fn.0)
    __tagsym$$used                           0x00005ff0   Number         0  components.o(.rti_fn.0)
    .rti_fn.0.end                            0x00005ff4   Section        4  components.o(.rti_fn.0.end)
    __tagsym$$used                           0x00005ff4   Number         0  components.o(.rti_fn.0.end)
    .rti_fn.1.end                            0x00005ff8   Section        4  components.o(.rti_fn.1.end)
    __tagsym$$used                           0x00005ff8   Number         0  components.o(.rti_fn.1.end)
    .rti_fn.6.end                            0x00005ffc   Section        4  components.o(.rti_fn.6.end)
    __tagsym$$used                           0x00005ffc   Number         0  components.o(.rti_fn.6.end)
    .data                                    0x20000000   Section       16  system_gw1ns4c.o(.data)
    .data                                    0x20000010   Section       12  retarget.o(.data)
    .data                                    0x2000001c   Section        6  lcd.o(.data)
    .data                                    0x20000022   Section       10  test.o(.data)
    .data                                    0x2000002c   Section        4  clock.o(.data)
    rt_tick                                  0x2000002c   Data           4  clock.o(.data)
    .data                                    0x20000030   Section        1  irq.o(.data)
    .data                                    0x20000034   Section       24  mem.o(.data)
    heap_ptr                                 0x20000034   Data           4  mem.o(.data)
    heap_end                                 0x20000038   Data           4  mem.o(.data)
    lfree                                    0x2000003c   Data           4  mem.o(.data)
    mem_size_aligned                         0x20000040   Data           4  mem.o(.data)
    used_mem                                 0x20000044   Data           4  mem.o(.data)
    max_mem                                  0x20000048   Data           4  mem.o(.data)
    .data                                    0x2000004c   Section       64  object.o(.data)
    rt_object_container                      0x2000004c   Data          64  object.o(.data)
    .data                                    0x2000008c   Section       24  scheduler.o(.data)
    rt_scheduler_lock_nest                   0x2000008c   Data           2  scheduler.o(.data)
    .data                                    0x200000a4   Section       12  timer.o(.data)
    rt_timer_list                            0x200000a4   Data           8  timer.o(.data)
    random_nr                                0x200000ac   Data           4  timer.o(.data)
    .data                                    0x200000b0   Section       16  cpuport.o(.data)
    rt_exception_hook                        0x200000bc   Data           4  cpuport.o(.data)
    .bss                                     0x200000c0   Section     4096  board.o(.bss)
    rt_heap                                  0x200000c0   Data        4096  board.o(.bss)
    .bss                                     0x200010c0   Section       14  lcd.o(.bss)
    .bss                                     0x200010d0   Section      376  idle.o(.bss)
    idle                                     0x200010d0   Data         120  idle.o(.bss)
    rt_thread_stack                          0x20001148   Data         256  idle.o(.bss)
    .bss                                     0x20001248   Section      128  kservice.o(.bss)
    rt_log_buf                               0x20001248   Data         128  kservice.o(.bss)
    .bss                                     0x200012c8   Section       32  mem.o(.bss)
    heap_sem                                 0x200012c8   Data          32  mem.o(.bss)
    .bss                                     0x200012e8   Section       64  scheduler.o(.bss)
    STACK                                    0x20001328   Section     1024  startup_gw1ns4c.o(STACK)

    Global Symbols

    Symbol Name                              Value     Ov Type        Size  Object(Section)

    BuildAttributes$$THM_ISAv4$P$D$K$B$S$PE$A:L22UL41UL21$X:L11$S22US41US21$IEEE1$IW$USESV6$~STKCKD$USESV7$~SHL$OSPACE$ROPI$EBA8$MICROLIB$REQ8$PRES8$EABIv2 0x00000000   Number         0  anon$$obj.o ABSOLUTE
    __ARM_use_no_argv                        0x00000000   Number         0  main.o ABSOLUTE
    __Vectors                                0x00000000   Data           4  startup_gw1ns4c.o(RESET)
    __use_no_errno                           0x00000000   Number         0  useno.o ABSOLUTE
    __use_no_exception_handling              0x00000000   Number         0  useno.o ABSOLUTE
    __use_no_fp                              0x00000000   Number         0  useno.o ABSOLUTE
    __use_no_heap                            0x00000000   Number         0  useno.o ABSOLUTE
    __use_no_heap_region                     0x00000000   Number         0  useno.o ABSOLUTE
    __use_no_semihosting                     0x00000000   Number         0  useno.o ABSOLUTE
    __use_no_semihosting_swi                 0x00000000   Number         0  useno.o ABSOLUTE
    __use_no_signal_handling                 0x00000000   Number         0  useno.o ABSOLUTE
    __cpp_initialize__aeabi_                  - Undefined Weak Reference
    __cxa_finalize                            - Undefined Weak Reference
    __decompress                              - Undefined Weak Reference
    _clock_init                               - Undefined Weak Reference
    _microlib_exit                            - Undefined Weak Reference
    __Vectors_End                            0x000000c0   Data           0  startup_gw1ns4c.o(RESET)
    __Vectors_Size                           0x000000c0   Number         0  startup_gw1ns4c.o ABSOLUTE
    __main                                   0x000000c1   Thumb Code     0  entry.o(.ARM.Collect$$$$00000000)
    _main_stk                                0x000000c1   Thumb Code     0  entry2.o(.ARM.Collect$$$$00000001)
    _main_scatterload                        0x000000c5   Thumb Code     0  entry5.o(.ARM.Collect$$$$00000004)
    __main_after_scatterload                 0x000000c9   Thumb Code     0  entry5.o(.ARM.Collect$$$$00000004)
    _main_clock                              0x000000c9   Thumb Code     0  entry7b.o(.ARM.Collect$$$$00000008)
    _main_cpp_init                           0x000000c9   Thumb Code     0  entry8b.o(.ARM.Collect$$$$0000000A)
    _main_init                               0x000000c9   Thumb Code     0  entry9a.o(.ARM.Collect$$$$0000000B)
    __rt_final_cpp                           0x000000d1   Thumb Code     0  entry10a.o(.ARM.Collect$$$$0000000D)
    __rt_final_exit                          0x000000d1   Thumb Code     0  entry11a.o(.ARM.Collect$$$$0000000F)
    Reset_Handler                            0x000000d5   Thumb Code     8  startup_gw1ns4c.o(.text)
    PORT0_COMB_Handler                       0x000000ef   Thumb Code     0  startup_gw1ns4c.o(.text)
    Spare15_Handler                          0x000000ef   Thumb Code     0  startup_gw1ns4c.o(.text)
    UARTOVF_Handler                          0x000000ef   Thumb Code     0  startup_gw1ns4c.o(.text)
    rt_hw_interrupt_disable                  0x000000f9   Thumb Code     8  context_rvds.o(.text)
    rt_hw_interrupt_enable                   0x00000101   Thumb Code     6  context_rvds.o(.text)
    rt_hw_context_switch                     0x00000107   Thumb Code    32  context_rvds.o(.text)
    rt_hw_context_switch_interrupt           0x00000107   Thumb Code     0  context_rvds.o(.text)
    PendSV_Handler                           0x00000127   Thumb Code    60  context_rvds.o(.text)
    rt_hw_context_switch_to                  0x00000163   Thumb Code    58  context_rvds.o(.text)
    rt_hw_interrupt_thread_switch            0x0000019d   Thumb Code     2  context_rvds.o(.text)
    HardFault_Handler                        0x0000019f   Thumb Code    52  context_rvds.o(.text)
    strlen                                   0x000001ed   Thumb Code    14  strlen.o(.text)
    __scatterload                            0x000001fd   Thumb Code    28  init.o(.text)
    __scatterload_rt2                        0x000001fd   Thumb Code     0  init.o(.text)
    main                                     0x00000221   Thumb Code    10  components.o(i.$Sub$$main)
    BusFault_Handler                         0x0000022b   Thumb Code     4  gw1ns4c_it.o(i.BusFault_Handler)
    Chinese_Font_test                        0x00000231   Thumb Code   122  test.o(i.Chinese_Font_test)
    DebugMon_Handler                         0x00000325   Thumb Code     2  gw1ns4c_it.o(i.DebugMon_Handler)
    DrawTestPage                             0x00000329   Thumb Code   118  test.o(i.DrawTestPage)
    Draw_Triangel                            0x000003c1   Thumb Code    56  gui.o(i.Draw_Triangel)
    English_Font_test                        0x000003f9   Thumb Code   174  test.o(i.English_Font_test)
    Fill_Triangel                            0x000005ad   Thumb Code   522  gui.o(i.Fill_Triangel)
    GPIOInit                                 0x000007bd   Thumb Code   162  main.o(i.GPIOInit)
    GPIO_Init                                0x00000865   Thumb Code   196  gw1ns4c_gpio.o(i.GPIO_Init)
    GPIO_ResetBit                            0x00000929   Thumb Code     8  gw1ns4c_gpio.o(i.GPIO_ResetBit)
    GPIO_SetBit                              0x00000931   Thumb Code     8  gw1ns4c_gpio.o(i.GPIO_SetBit)
    GUI_DrawFont16                           0x00000939   Thumb Code   252  gui.o(i.GUI_DrawFont16)
    GUI_DrawFont24                           0x00000a41   Thumb Code   268  gui.o(i.GUI_DrawFont24)
    GUI_DrawFont32                           0x00000b59   Thumb Code   252  gui.o(i.GUI_DrawFont32)
    GUI_DrawPoint                            0x00000c61   Thumb Code    24  gui.o(i.GUI_DrawPoint)
    Gui_Drawbmp16                            0x00000c79   Thumb Code    90  gui.o(i.Gui_Drawbmp16)
    Gui_StrCenter                            0x00000cd9   Thumb Code    60  gui.o(i.Gui_StrCenter)
    I2C_Handler                              0x00000d19   Thumb Code     2  gw1ns4c_it.o(i.I2C_Handler)
    LCD_Clear                                0x00000d1d   Thumb Code    88  lcd.o(i.LCD_Clear)
    LCD_DrawFillRectangle                    0x00000d7d   Thumb Code    30  gui.o(i.LCD_DrawFillRectangle)
    LCD_DrawLine                             0x00000da1   Thumb Code   176  gui.o(i.LCD_DrawLine)
    LCD_DrawPoint                            0x00000e51   Thumb Code    24  lcd.o(i.LCD_DrawPoint)
    LCD_DrawRectangle                        0x00000e6d   Thumb Code    64  gui.o(i.LCD_DrawRectangle)
    LCD_Fill                                 0x00000ead   Thumb Code   110  gui.o(i.LCD_Fill)
    LCD_Init                                 0x00000f21   Thumb Code   582  lcd.o(i.LCD_Init)
    LCD_RESET                                0x0000116d   Thumb Code    32  lcd.o(i.LCD_RESET)
    LCD_SetCursor                            0x00001191   Thumb Code    20  lcd.o(i.LCD_SetCursor)
    LCD_SetWindows                           0x000011a5   Thumb Code    84  lcd.o(i.LCD_SetWindows)
    LCD_ShowChar                             0x000011fd   Thumb Code   276  gui.o(i.LCD_ShowChar)
    LCD_WR_DATA                              0x00001321   Thumb Code    36  lcd.o(i.LCD_WR_DATA)
    LCD_WR_REG                               0x00001349   Thumb Code    36  lcd.o(i.LCD_WR_REG)
    LCD_WriteRAM_Prepare                     0x00001371   Thumb Code    12  lcd.o(i.LCD_WriteRAM_Prepare)
    LCD_WriteReg                             0x00001381   Thumb Code    20  lcd.o(i.LCD_WriteReg)
    LCD_direction                            0x00001395   Thumb Code   128  lcd.o(i.LCD_direction)
    Lcd_WriteData_16Bit                      0x00001419   Thumb Code    46  lcd.o(i.Lcd_WriteData_16Bit)
    MemManage_Handler                        0x0000144d   Thumb Code     4  gw1ns4c_it.o(i.MemManage_Handler)
    NMI_Handler                              0x00001451   Thumb Code     2  gw1ns4c_it.o(i.NMI_Handler)
    PORT0_0_Handler                          0x00001453   Thumb Code     2  gw1ns4c_it.o(i.PORT0_0_Handler)
    PORT0_10_Handler                         0x00001455   Thumb Code     2  gw1ns4c_it.o(i.PORT0_10_Handler)
    PORT0_11_Handler                         0x00001457   Thumb Code     2  gw1ns4c_it.o(i.PORT0_11_Handler)
    PORT0_12_Handler                         0x00001459   Thumb Code     2  gw1ns4c_it.o(i.PORT0_12_Handler)
    PORT0_13_Handler                         0x0000145b   Thumb Code     2  gw1ns4c_it.o(i.PORT0_13_Handler)
    PORT0_14_Handler                         0x0000145d   Thumb Code     2  gw1ns4c_it.o(i.PORT0_14_Handler)
    PORT0_15_Handler                         0x0000145f   Thumb Code     2  gw1ns4c_it.o(i.PORT0_15_Handler)
    PORT0_1_Handler                          0x00001461   Thumb Code     2  gw1ns4c_it.o(i.PORT0_1_Handler)
    PORT0_2_Handler                          0x00001463   Thumb Code     2  gw1ns4c_it.o(i.PORT0_2_Handler)
    PORT0_3_Handler                          0x00001465   Thumb Code     2  gw1ns4c_it.o(i.PORT0_3_Handler)
    PORT0_4_Handler                          0x00001467   Thumb Code     2  gw1ns4c_it.o(i.PORT0_4_Handler)
    PORT0_5_Handler                          0x00001469   Thumb Code     2  gw1ns4c_it.o(i.PORT0_5_Handler)
    PORT0_6_Handler                          0x0000146b   Thumb Code     2  gw1ns4c_it.o(i.PORT0_6_Handler)
    PORT0_7_Handler                          0x0000146d   Thumb Code     2  gw1ns4c_it.o(i.PORT0_7_Handler)
    PORT0_8_Handler                          0x0000146f   Thumb Code     2  gw1ns4c_it.o(i.PORT0_8_Handler)
    PORT0_9_Handler                          0x00001471   Thumb Code     2  gw1ns4c_it.o(i.PORT0_9_Handler)
    Pic_test                                 0x00001475   Thumb Code   126  test.o(i.Pic_test)
    RTC_Handler                              0x00001511   Thumb Code     2  gw1ns4c_it.o(i.RTC_Handler)
    Rotate_Test                              0x00001515   Thumb Code   108  test.o(i.Rotate_Test)
    SPIInit                                  0x0000159d   Thumb Code    26  main.o(i.SPIInit)
    SPI_Init                                 0x000015b9   Thumb Code    58  gw1ns4c_spi.o(i.SPI_Init)
    SPI_WriteData                            0x000015f9   Thumb Code     6  gw1ns4c_spi.o(i.SPI_WriteData)
    SVC_Handler                              0x00001605   Thumb Code     2  gw1ns4c_it.o(i.SVC_Handler)
    Show_Str                                 0x00001609   Thumb Code   264  gui.o(i.Show_Str)
    SysTick_Handler                          0x00001715   Thumb Code    16  board.o(i.SysTick_Handler)
    SystemInit                               0x00001725   Thumb Code    32  system_gw1ns4c.o(i.SystemInit)
    TIMER0_Handler                           0x00001759   Thumb Code     2  gw1ns4c_it.o(i.TIMER0_Handler)
    TIMER1_Handler                           0x0000175b   Thumb Code     2  gw1ns4c_it.o(i.TIMER1_Handler)
    Test_Circle                              0x0000175d   Thumb Code   224  test.o(i.Test_Circle)
    Test_Color                               0x0000185d   Thumb Code   220  test.o(i.Test_Color)
    Test_FillRec                             0x0000195d   Thumb Code   392  test.o(i.Test_FillRec)
    Test_Triangle                            0x00001b09   Thumb Code   476  test.o(i.Test_Triangle)
    UART0_Handler                            0x00001d0d   Thumb Code     2  gw1ns4c_it.o(i.UART0_Handler)
    UART1_Handler                            0x00001d0f   Thumb Code     2  gw1ns4c_it.o(i.UART1_Handler)
    UART_Init                                0x00001d11   Thumb Code   122  gw1ns4c_uart.o(i.UART_Init)
    UART_SendChar                            0x00001d91   Thumb Code    16  gw1ns4c_uart.o(i.UART_SendChar)
    USER_INT0_Handler                        0x00001da1   Thumb Code     2  gw1ns4c_it.o(i.USER_INT0_Handler)
    USER_INT1_Handler                        0x00001da3   Thumb Code     2  gw1ns4c_it.o(i.USER_INT1_Handler)
    USER_INT2_Handler                        0x00001da5   Thumb Code     2  gw1ns4c_it.o(i.USER_INT2_Handler)
    USER_INT3_Handler                        0x00001da7   Thumb Code     2  gw1ns4c_it.o(i.USER_INT3_Handler)
    USER_INT4_Handler                        0x00001da9   Thumb Code     2  gw1ns4c_it.o(i.USER_INT4_Handler)
    USER_INT5_Handler                        0x00001dab   Thumb Code     2  gw1ns4c_it.o(i.USER_INT5_Handler)
    UartInit                                 0x00001dad   Thumb Code    56  main.o(i.UartInit)
    UsageFault_Handler                       0x00001de5   Thumb Code     4  gw1ns4c_it.o(i.UsageFault_Handler)
    __0printf$bare                           0x00001e19   Thumb Code     8  printfb.o(i.__0printf$bare)
    __1printf$bare                           0x00001e19   Thumb Code     0  printfb.o(i.__0printf$bare)
    __2printf                                0x00001e19   Thumb Code     0  printfb.o(i.__0printf$bare)
    __rt_ffs                                 0x00001e29   Thumb Code    70  kservice.o(i.__rt_ffs)
    __scatterload_copy                       0x00001e75   Thumb Code    14  handlers.o(i.__scatterload_copy)
    __scatterload_null                       0x00001e83   Thumb Code     2  handlers.o(i.__scatterload_null)
    __scatterload_zeroinit                   0x00001e85   Thumb Code    14  handlers.o(i.__scatterload_zeroinit)
    _draw_circle_8                           0x00001e93   Thumb Code   132  gui.o(i._draw_circle_8)
    delay_ms                                 0x00002051   Thumb Code    30  main.o(i.delay_ms)
    fputc                                    0x00002075   Thumb Code    36  retarget.o(i.fputc)
    gui_circle                               0x00002099   Thumb Code   154  gui.o(i.gui_circle)
    $Super$$main                             0x00002135   Thumb Code   118  main.o(i.main)
    main_test                                0x000021e9   Thumb Code   136  test.o(i.main_test)
    main_thread_entry                        0x000022ed   Thumb Code    14  components.o(i.main_thread_entry)
    rt_application_init                      0x0000250d   Thumb Code    32  components.o(i.rt_application_init)
    rt_components_board_init                 0x00002539   Thumb Code    20  components.o(i.rt_components_board_init)
    rt_components_init                       0x00002555   Thumb Code    20  components.o(i.rt_components_init)
    rt_enter_critical                        0x00002571   Thumb Code    28  scheduler.o(i.rt_enter_critical)
    rt_exit_critical                         0x00002591   Thumb Code    60  scheduler.o(i.rt_exit_critical)
    rt_free                                  0x000025d5   Thumb Code   128  mem.o(i.rt_free)
    rt_heap_begin_get                        0x000026b5   Thumb Code     4  board.o(i.rt_heap_begin_get)
    rt_heap_end_get                          0x000026bd   Thumb Code     4  board.o(i.rt_heap_end_get)
    rt_hw_board_init                         0x000026c5   Thumb Code    52  board.o(i.rt_hw_board_init)
    rt_hw_console_output                     0x000026fd   Thumb Code    60  board.o(i.rt_hw_console_output)
    rt_hw_hard_fault_exception               0x00002739   Thumb Code   190  cpuport.o(i.rt_hw_hard_fault_exception)
    rt_hw_stack_init                         0x00002939   Thumb Code    70  cpuport.o(i.rt_hw_stack_init)
    rt_interrupt_enter                       0x00002985   Thumb Code    26  irq.o(i.rt_interrupt_enter)
    rt_interrupt_leave                       0x000029a5   Thumb Code    26  irq.o(i.rt_interrupt_leave)
    rt_kprintf                               0x00002a55   Thumb Code    44  kservice.o(i.rt_kprintf)
    rt_malloc                                0x00002b15   Thumb Code   336  mem.o(i.rt_malloc)
    rt_memset                                0x00002c81   Thumb Code    72  kservice.o(i.rt_memset)
    rt_object_allocate                       0x00002cc9   Thumb Code    84  object.o(i.rt_object_allocate)
    rt_object_delete                         0x00002d1d   Thumb Code    36  object.o(i.rt_object_delete)
    rt_object_detach                         0x00002d41   Thumb Code    30  object.o(i.rt_object_detach)
    rt_object_get_information                0x00002d61   Thumb Code    36  object.o(i.rt_object_get_information)
    rt_object_init                           0x00002d89   Thumb Code    86  object.o(i.rt_object_init)
    rt_object_is_systemobject                0x00002ddf   Thumb Code    18  object.o(i.rt_object_is_systemobject)
    rt_schedule                              0x00002df1   Thumb Code   106  scheduler.o(i.rt_schedule)
    rt_schedule_insert_thread                0x00002e75   Thumb Code    72  scheduler.o(i.rt_schedule_insert_thread)
    rt_schedule_remove_thread                0x00002ec5   Thumb Code    76  scheduler.o(i.rt_schedule_remove_thread)
    rt_sem_init                              0x00002f19   Thumb Code    38  ipc.o(i.rt_sem_init)
    rt_sem_release                           0x00002f3f   Thumb Code    58  ipc.o(i.rt_sem_release)
    rt_sem_take                              0x00002f79   Thumb Code   116  ipc.o(i.rt_sem_take)
    rt_show_version                          0x00002fed   Thumb Code    38  kservice.o(i.rt_show_version)
    rt_strlen                                0x0000309d   Thumb Code    18  kservice.o(i.rt_strlen)
    rt_strncpy                               0x000030af   Thumb Code    52  kservice.o(i.rt_strncpy)
    rt_system_heap_init                      0x000030e5   Thumb Code   160  mem.o(i.rt_system_heap_init)
    rt_system_scheduler_init                 0x000031dd   Thumb Code    52  scheduler.o(i.rt_system_scheduler_init)
    rt_system_scheduler_start                0x00003229   Thumb Code    36  scheduler.o(i.rt_system_scheduler_start)
    rt_system_timer_init                     0x00003259   Thumb Code    24  timer.o(i.rt_system_timer_init)
    rt_system_timer_thread_init              0x00003275   Thumb Code     2  timer.o(i.rt_system_timer_thread_init)
    rt_thread_create                         0x00003277   Thumb Code    80  thread.o(i.rt_thread_create)
    rt_thread_exit                           0x000032c9   Thumb Code    76  thread.o(i.rt_thread_exit)
    rt_thread_idle_excute                    0x00003325   Thumb Code   134  idle.o(i.rt_thread_idle_excute)
    rt_thread_idle_init                      0x000033b1   Thumb Code    38  idle.o(i.rt_thread_idle_init)
    rt_thread_init                           0x000033ed   Thumb Code    52  thread.o(i.rt_thread_init)
    rt_thread_resume                         0x00003421   Thumb Code    60  thread.o(i.rt_thread_resume)
    rt_thread_self                           0x0000345d   Thumb Code     6  thread.o(i.rt_thread_self)
    rt_thread_startup                        0x00003469   Thumb Code    44  thread.o(i.rt_thread_startup)
    rt_thread_suspend                        0x00003495   Thumb Code    68  thread.o(i.rt_thread_suspend)
    rt_thread_timeout                        0x000034d9   Thumb Code    32  thread.o(i.rt_thread_timeout)
    rt_thread_yield                          0x000034f9   Thumb Code    92  thread.o(i.rt_thread_yield)
    rt_tick_get                              0x0000355d   Thumb Code     6  clock.o(i.rt_tick_get)
    rt_tick_increase                         0x00003569   Thumb Code    42  clock.o(i.rt_tick_increase)
    rt_timer_check                           0x00003599   Thumb Code   118  timer.o(i.rt_timer_check)
    rt_timer_control                         0x00003615   Thumb Code    56  timer.o(i.rt_timer_control)
    rt_timer_detach                          0x0000364d   Thumb Code    32  timer.o(i.rt_timer_detach)
    rt_timer_init                            0x0000366d   Thumb Code    46  timer.o(i.rt_timer_init)
    rt_timer_start                           0x0000369d   Thumb Code   238  timer.o(i.rt_timer_start)
    rt_timer_stop                            0x00003795   Thumb Code    48  timer.o(i.rt_timer_stop)
    rt_vsnprintf                             0x000037c5   Thumb Code   808  kservice.o(i.rt_vsnprintf)
    rtthread_startup                         0x00003b05   Thumb Code    42  components.o(i.rtthread_startup)
    asc2_1206                                0x00003b54   Data        1140  gui.o(.constdata)
    asc2_1608                                0x00003fc8   Data        1520  gui.o(.constdata)
    tfont16                                  0x000045b8   Data        2108  gui.o(.constdata)
    tfont24                                  0x00004df4   Data         518  gui.o(.constdata)
    tfont32                                  0x00004ffa   Data         520  gui.o(.constdata)
    gImage_qq                                0x00005204   Data        3200  test.o(.constdata)
    __lowest_bit_bitmap                      0x00005e94   Data         256  kservice.o(.constdata)
    __rt_init_rti_start                      0x00005ff0   Data           4  components.o(.rti_fn.0)
    __rt_init_rti_board_start                0x00005ff4   Data           4  components.o(.rti_fn.0.end)
    __rt_init_rti_board_end                  0x00005ff8   Data           4  components.o(.rti_fn.1.end)
    __rt_init_rti_end                        0x00005ffc   Data           4  components.o(.rti_fn.6.end)
    Region$$Table$$Base                      0x00006000   Number         0  anon$$obj.o(Region$$Table)
    Region$$Table$$Limit                     0x00006020   Number         0  anon$$obj.o(Region$$Table)
    SystemCoreClock                          0x20000000   Data           4  system_gw1ns4c.o(.data)
    PCLK1                                    0x20000004   Data           4  system_gw1ns4c.o(.data)
    PCLK2                                    0x20000008   Data           4  system_gw1ns4c.o(.data)
    HCLK                                     0x2000000c   Data           4  system_gw1ns4c.o(.data)
    __stdout                                 0x20000010   Data           4  retarget.o(.data)
    __stdin                                  0x20000014   Data           4  retarget.o(.data)
    __stderr                                 0x20000018   Data           4  retarget.o(.data)
    POINT_COLOR                              0x2000001c   Data           2  lcd.o(.data)
    BACK_COLOR                               0x2000001e   Data           2  lcd.o(.data)
    DeviceCode                               0x20000020   Data           2  lcd.o(.data)
    ColorTab                                 0x20000022   Data          10  test.o(.data)
    rt_interrupt_nest                        0x20000030   Data           1  irq.o(.data)
    rt_current_thread                        0x20000090   Data           4  scheduler.o(.data)
    rt_current_priority                      0x20000094   Data           1  scheduler.o(.data)
    rt_thread_ready_priority_group           0x20000098   Data           4  scheduler.o(.data)
    rt_thread_defunct                        0x2000009c   Data           8  scheduler.o(.data)
    rt_interrupt_from_thread                 0x200000b0   Data           4  cpuport.o(.data)
    rt_interrupt_to_thread                   0x200000b4   Data           4  cpuport.o(.data)
    rt_thread_switch_interrupt_flag          0x200000b8   Data           4  cpuport.o(.data)
    lcddev                                   0x200010c0   Data          14  lcd.o(.bss)
    rt_thread_priority_table                 0x200012e8   Data          64  scheduler.o(.bss)
    __initial_sp                             0x20001728   Data           0  startup_gw1ns4c.o(STACK)



==============================================================================

Memory Map of the image

  Image Entry point : 0x000000c1

  Load Region LR_IROM1 (Base: 0x00000000, Size: 0x000060e0, Max: 0x00008000, ABSOLUTE)

    Execution Region ER_IROM1 (Exec base: 0x00000000, Load base: 0x00000000, Size: 0x00006020, Max: 0x00008000, ABSOLUTE)

    Exec Addr    Load Addr    Size         Type   Attr      Idx    E Section Name        Object

    0x00000000   0x00000000   0x000000c0   Data   RO           19    RESET               startup_gw1ns4c.o
    0x000000c0   0x000000c0   0x00000000   Code   RO         2611  * .ARM.Collect$$$$00000000  mc_w.l(entry.o)
    0x000000c0   0x000000c0   0x00000004   Code   RO         2876    .ARM.Collect$$$$00000001  mc_w.l(entry2.o)
    0x000000c4   0x000000c4   0x00000004   Code   RO         2879    .ARM.Collect$$$$00000004  mc_w.l(entry5.o)
    0x000000c8   0x000000c8   0x00000000   Code   RO         2881    .ARM.Collect$$$$00000008  mc_w.l(entry7b.o)
    0x000000c8   0x000000c8   0x00000000   Code   RO         2883    .ARM.Collect$$$$0000000A  mc_w.l(entry8b.o)
    0x000000c8   0x000000c8   0x00000008   Code   RO         2884    .ARM.Collect$$$$0000000B  mc_w.l(entry9a.o)
    0x000000d0   0x000000d0   0x00000000   Code   RO         2886    .ARM.Collect$$$$0000000D  mc_w.l(entry10a.o)
    0x000000d0   0x000000d0   0x00000000   Code   RO         2888    .ARM.Collect$$$$0000000F  mc_w.l(entry11a.o)
    0x000000d0   0x000000d0   0x00000004   Code   RO         2877    .ARM.Collect$$$$00002712  mc_w.l(entry2.o)
    0x000000d4   0x000000d4   0x00000024   Code   RO           20    .text               startup_gw1ns4c.o
    0x000000f8   0x000000f8   0x000000f4   Code   RO         2550    .text               context_rvds.o
    0x000001ec   0x000001ec   0x0000000e   Code   RO         2614    .text               mc_w.l(strlen.o)
    0x000001fa   0x000001fa   0x00000002   PAD
    0x000001fc   0x000001fc   0x00000024   Code   RO         2905    .text               mc_w.l(init.o)
    0x00000220   0x00000220   0x0000000a   Code   RO         1654    i.$Sub$$main        components.o
    0x0000022a   0x0000022a   0x00000004   Code   RO         1000    i.BusFault_Handler  gw1ns4c_it.o
    0x0000022e   0x0000022e   0x00000002   PAD
    0x00000230   0x00000230   0x000000f4   Code   RO         1542    i.Chinese_Font_test  test.o
    0x00000324   0x00000324   0x00000002   Code   RO         1001    i.DebugMon_Handler  gw1ns4c_it.o
    0x00000326   0x00000326   0x00000002   PAD
    0x00000328   0x00000328   0x00000098   Code   RO         1543    i.DrawTestPage      test.o
    0x000003c0   0x000003c0   0x00000038   Code   RO         1323    i.Draw_Triangel     gui.o
    0x000003f8   0x000003f8   0x000001b4   Code   RO         1544    i.English_Font_test  test.o
    0x000005ac   0x000005ac   0x00000210   Code   RO         1324    i.Fill_Triangel     gui.o
    0x000007bc   0x000007bc   0x000000a8   Code   RO          947    i.GPIOInit          main.o
    0x00000864   0x00000864   0x000000c4   Code   RO           30    i.GPIO_Init         gw1ns4c_gpio.o
    0x00000928   0x00000928   0x00000008   Code   RO           34    i.GPIO_ResetBit     gw1ns4c_gpio.o
    0x00000930   0x00000930   0x00000008   Code   RO           36    i.GPIO_SetBit       gw1ns4c_gpio.o
    0x00000938   0x00000938   0x00000108   Code   RO         1325    i.GUI_DrawFont16    gui.o
    0x00000a40   0x00000a40   0x00000118   Code   RO         1326    i.GUI_DrawFont24    gui.o
    0x00000b58   0x00000b58   0x00000108   Code   RO         1327    i.GUI_DrawFont32    gui.o
    0x00000c60   0x00000c60   0x00000018   Code   RO         1328    i.GUI_DrawPoint     gui.o
    0x00000c78   0x00000c78   0x00000060   Code   RO         1329    i.Gui_Drawbmp16     gui.o
    0x00000cd8   0x00000cd8   0x00000040   Code   RO         1330    i.Gui_StrCenter     gui.o
    0x00000d18   0x00000d18   0x00000002   Code   RO         1002    i.I2C_Handler       gw1ns4c_it.o
    0x00000d1a   0x00000d1a   0x00000002   PAD
    0x00000d1c   0x00000d1c   0x00000060   Code   RO         1457    i.LCD_Clear         lcd.o
    0x00000d7c   0x00000d7c   0x00000024   Code   RO         1331    i.LCD_DrawFillRectangle  gui.o
    0x00000da0   0x00000da0   0x000000b0   Code   RO         1332    i.LCD_DrawLine      gui.o
    0x00000e50   0x00000e50   0x0000001c   Code   RO         1458    i.LCD_DrawPoint     lcd.o
    0x00000e6c   0x00000e6c   0x00000040   Code   RO         1333    i.LCD_DrawRectangle  gui.o
    0x00000eac   0x00000eac   0x00000074   Code   RO         1334    i.LCD_Fill          gui.o
    0x00000f20   0x00000f20   0x0000024c   Code   RO         1459    i.LCD_Init          lcd.o
    0x0000116c   0x0000116c   0x00000024   Code   RO         1460    i.LCD_RESET         lcd.o
    0x00001190   0x00001190   0x00000014   Code   RO         1461    i.LCD_SetCursor     lcd.o
    0x000011a4   0x000011a4   0x00000058   Code   RO         1462    i.LCD_SetWindows    lcd.o
    0x000011fc   0x000011fc   0x00000124   Code   RO         1335    i.LCD_ShowChar      gui.o
    0x00001320   0x00001320   0x00000028   Code   RO         1463    i.LCD_WR_DATA       lcd.o
    0x00001348   0x00001348   0x00000028   Code   RO         1464    i.LCD_WR_REG        lcd.o
    0x00001370   0x00001370   0x00000010   Code   RO         1465    i.LCD_WriteRAM_Prepare  lcd.o
    0x00001380   0x00001380   0x00000014   Code   RO         1466    i.LCD_WriteReg      lcd.o
    0x00001394   0x00001394   0x00000084   Code   RO         1467    i.LCD_direction     lcd.o
    0x00001418   0x00001418   0x00000034   Code   RO         1468    i.Lcd_WriteData_16Bit  lcd.o
    0x0000144c   0x0000144c   0x00000004   Code   RO         1003    i.MemManage_Handler  gw1ns4c_it.o
    0x00001450   0x00001450   0x00000002   Code   RO         1004    i.NMI_Handler       gw1ns4c_it.o
    0x00001452   0x00001452   0x00000002   Code   RO         1005    i.PORT0_0_Handler   gw1ns4c_it.o
    0x00001454   0x00001454   0x00000002   Code   RO         1006    i.PORT0_10_Handler  gw1ns4c_it.o
    0x00001456   0x00001456   0x00000002   Code   RO         1007    i.PORT0_11_Handler  gw1ns4c_it.o
    0x00001458   0x00001458   0x00000002   Code   RO         1008    i.PORT0_12_Handler  gw1ns4c_it.o
    0x0000145a   0x0000145a   0x00000002   Code   RO         1009    i.PORT0_13_Handler  gw1ns4c_it.o
    0x0000145c   0x0000145c   0x00000002   Code   RO         1010    i.PORT0_14_Handler  gw1ns4c_it.o
    0x0000145e   0x0000145e   0x00000002   Code   RO         1011    i.PORT0_15_Handler  gw1ns4c_it.o
    0x00001460   0x00001460   0x00000002   Code   RO         1012    i.PORT0_1_Handler   gw1ns4c_it.o
    0x00001462   0x00001462   0x00000002   Code   RO         1013    i.PORT0_2_Handler   gw1ns4c_it.o
    0x00001464   0x00001464   0x00000002   Code   RO         1014    i.PORT0_3_Handler   gw1ns4c_it.o
    0x00001466   0x00001466   0x00000002   Code   RO         1015    i.PORT0_4_Handler   gw1ns4c_it.o
    0x00001468   0x00001468   0x00000002   Code   RO         1016    i.PORT0_5_Handler   gw1ns4c_it.o
    0x0000146a   0x0000146a   0x00000002   Code   RO         1017    i.PORT0_6_Handler   gw1ns4c_it.o
    0x0000146c   0x0000146c   0x00000002   Code   RO         1018    i.PORT0_7_Handler   gw1ns4c_it.o
    0x0000146e   0x0000146e   0x00000002   Code   RO         1019    i.PORT0_8_Handler   gw1ns4c_it.o
    0x00001470   0x00001470   0x00000002   Code   RO         1020    i.PORT0_9_Handler   gw1ns4c_it.o
    0x00001472   0x00001472   0x00000002   PAD
    0x00001474   0x00001474   0x0000009c   Code   RO         1545    i.Pic_test          test.o
    0x00001510   0x00001510   0x00000002   Code   RO         1021    i.RTC_Handler       gw1ns4c_it.o
    0x00001512   0x00001512   0x00000002   PAD
    0x00001514   0x00001514   0x00000088   Code   RO         1546    i.Rotate_Test       test.o
    0x0000159c   0x0000159c   0x0000001a   Code   RO          948    i.SPIInit           main.o
    0x000015b6   0x000015b6   0x00000002   PAD
    0x000015b8   0x000015b8   0x00000040   Code   RO          405    i.SPI_Init          gw1ns4c_spi.o
    0x000015f8   0x000015f8   0x0000000c   Code   RO          412    i.SPI_WriteData     gw1ns4c_spi.o
    0x00001604   0x00001604   0x00000002   Code   RO         1022    i.SVC_Handler       gw1ns4c_it.o
    0x00001606   0x00001606   0x00000002   PAD
    0x00001608   0x00001608   0x0000010c   Code   RO         1338    i.Show_Str          gui.o
    0x00001714   0x00001714   0x00000010   Code   RO         1256    i.SysTick_Handler   board.o
    0x00001724   0x00001724   0x00000034   Code   RO          924    i.SystemInit        system_gw1ns4c.o
    0x00001758   0x00001758   0x00000002   Code   RO         1023    i.TIMER0_Handler    gw1ns4c_it.o
    0x0000175a   0x0000175a   0x00000002   Code   RO         1024    i.TIMER1_Handler    gw1ns4c_it.o
    0x0000175c   0x0000175c   0x00000100   Code   RO         1547    i.Test_Circle       test.o
    0x0000185c   0x0000185c   0x00000100   Code   RO         1548    i.Test_Color        test.o
    0x0000195c   0x0000195c   0x000001ac   Code   RO         1549    i.Test_FillRec      test.o
    0x00001b08   0x00001b08   0x00000204   Code   RO         1550    i.Test_Triangle     test.o
    0x00001d0c   0x00001d0c   0x00000002   Code   RO         1025    i.UART0_Handler     gw1ns4c_it.o
    0x00001d0e   0x00001d0e   0x00000002   Code   RO         1026    i.UART1_Handler     gw1ns4c_it.o
    0x00001d10   0x00001d10   0x00000080   Code   RO          687    i.UART_Init         gw1ns4c_uart.o
    0x00001d90   0x00001d90   0x00000010   Code   RO          689    i.UART_SendChar     gw1ns4c_uart.o
    0x00001da0   0x00001da0   0x00000002   Code   RO         1027    i.USER_INT0_Handler  gw1ns4c_it.o
    0x00001da2   0x00001da2   0x00000002   Code   RO         1028    i.USER_INT1_Handler  gw1ns4c_it.o
    0x00001da4   0x00001da4   0x00000002   Code   RO         1029    i.USER_INT2_Handler  gw1ns4c_it.o
    0x00001da6   0x00001da6   0x00000002   Code   RO         1030    i.USER_INT3_Handler  gw1ns4c_it.o
    0x00001da8   0x00001da8   0x00000002   Code   RO         1031    i.USER_INT4_Handler  gw1ns4c_it.o
    0x00001daa   0x00001daa   0x00000002   Code   RO         1032    i.USER_INT5_Handler  gw1ns4c_it.o
    0x00001dac   0x00001dac   0x00000038   Code   RO          949    i.UartInit          main.o
    0x00001de4   0x00001de4   0x00000004   Code   RO         1033    i.UsageFault_Handler  gw1ns4c_it.o
    0x00001de8   0x00001de8   0x00000030   Code   RO         1257    i._SysTick_Config   board.o
    0x00001e18   0x00001e18   0x00000010   Code   RO         2617    i.__0printf$bare    mc_w.l(printfb.o)
    0x00001e28   0x00001e28   0x0000004c   Code   RO         1935    i.__rt_ffs          kservice.o
    0x00001e74   0x00001e74   0x0000000e   Code   RO         2917    i.__scatterload_copy  mc_w.l(handlers.o)
    0x00001e82   0x00001e82   0x00000002   Code   RO         2918    i.__scatterload_null  mc_w.l(handlers.o)
    0x00001e84   0x00001e84   0x0000000e   Code   RO         2919    i.__scatterload_zeroinit  mc_w.l(handlers.o)
    0x00001e92   0x00001e92   0x00000084   Code   RO         1339    i._draw_circle_8    gui.o
    0x00001f16   0x00001f16   0x00000002   PAD
    0x00001f18   0x00001f18   0x00000014   Code   RO         1728    i._has_defunct_thread  idle.o
    0x00001f2c   0x00001f2c   0x00000022   Code   RO         2624    i._printf_core      mc_w.l(printfb.o)
    0x00001f4e   0x00001f4e   0x00000002   PAD
    0x00001f50   0x00001f50   0x00000084   Code   RO         2322    i._rt_thread_init   thread.o
    0x00001fd4   0x00001fd4   0x00000042   Code   RO         2443    i._rt_timer_init    timer.o
    0x00002016   0x00002016   0x0000002e   Code   RO         2444    i._rt_timer_remove  timer.o
    0x00002044   0x00002044   0x0000000a   Code   RO         1340    i._swap             gui.o
    0x0000204e   0x0000204e   0x00000002   PAD
    0x00002050   0x00002050   0x00000024   Code   RO          950    i.delay_ms          main.o
    0x00002074   0x00002074   0x00000024   Code   RO         1217    i.fputc             retarget.o
    0x00002098   0x00002098   0x0000009a   Code   RO         1341    i.gui_circle        gui.o
    0x00002132   0x00002132   0x00000002   PAD
    0x00002134   0x00002134   0x000000b4   Code   RO          951    i.main              main.o
    0x000021e8   0x000021e8   0x00000104   Code   RO         1551    i.main_test         test.o
    0x000022ec   0x000022ec   0x0000000e   Code   RO         1655    i.main_thread_entry  components.o
    0x000022fa   0x000022fa   0x00000002   PAD
    0x000022fc   0x000022fc   0x00000078   Code   RO         2112    i.plug_holes        mem.o
    0x00002374   0x00002374   0x00000198   Code   RO         1937    i.print_number      kservice.o
    0x0000250c   0x0000250c   0x0000002c   Code   RO         1656    i.rt_application_init  components.o
    0x00002538   0x00002538   0x0000001c   Code   RO         1657    i.rt_components_board_init  components.o
    0x00002554   0x00002554   0x0000001c   Code   RO         1658    i.rt_components_init  components.o
    0x00002570   0x00002570   0x00000020   Code   RO         2250    i.rt_enter_critical  scheduler.o
    0x00002590   0x00002590   0x00000044   Code   RO         2251    i.rt_exit_critical  scheduler.o
    0x000025d4   0x000025d4   0x000000e0   Code   RO         2114    i.rt_free           mem.o
    0x000026b4   0x000026b4   0x00000008   Code   RO         1258    i.rt_heap_begin_get  board.o
    0x000026bc   0x000026bc   0x00000008   Code   RO         1259    i.rt_heap_end_get   board.o
    0x000026c4   0x000026c4   0x00000038   Code   RO         1260    i.rt_hw_board_init  board.o
    0x000026fc   0x000026fc   0x0000003c   Code   RO         1261    i.rt_hw_console_output  board.o
    0x00002738   0x00002738   0x00000200   Code   RO         2557    i.rt_hw_hard_fault_exception  cpuport.o
    0x00002938   0x00002938   0x0000004c   Code   RO         2558    i.rt_hw_stack_init  cpuport.o
    0x00002984   0x00002984   0x00000020   Code   RO         1908    i.rt_interrupt_enter  irq.o
    0x000029a4   0x000029a4   0x00000020   Code   RO         1910    i.rt_interrupt_leave  irq.o
    0x000029c4   0x000029c4   0x00000014   Code   RO         1768    i.rt_ipc_list_resume  ipc.o
    0x000029d8   0x000029d8   0x0000006c   Code   RO         1770    i.rt_ipc_list_suspend  ipc.o
    0x00002a44   0x00002a44   0x00000010   Code   RO         1771    i.rt_ipc_object_init  ipc.o
    0x00002a54   0x00002a54   0x00000030   Code   RO         1941    i.rt_kprintf        kservice.o
    0x00002a84   0x00002a84   0x00000006   Code   RO         1772    i.rt_list_init      ipc.o
    0x00002a8a   0x00002a8a   0x00000006   Code   RO         2252    i.rt_list_init      scheduler.o
    0x00002a90   0x00002a90   0x00000006   Code   RO         2445    i.rt_list_init      timer.o
    0x00002a96   0x00002a96   0x0000000e   Code   RO         2174    i.rt_list_insert_after  object.o
    0x00002aa4   0x00002aa4   0x0000000e   Code   RO         2323    i.rt_list_insert_after  thread.o
    0x00002ab2   0x00002ab2   0x0000000e   Code   RO         2446    i.rt_list_insert_after  timer.o
    0x00002ac0   0x00002ac0   0x0000000e   Code   RO         1773    i.rt_list_insert_before  ipc.o
    0x00002ace   0x00002ace   0x00000010   Code   RO         1774    i.rt_list_isempty   ipc.o
    0x00002ade   0x00002ade   0x00000010   Code   RO         2447    i.rt_list_isempty   timer.o
    0x00002aee   0x00002aee   0x00000012   Code   RO         2175    i.rt_list_remove    object.o
    0x00002b00   0x00002b00   0x00000012   Code   RO         2324    i.rt_list_remove    thread.o
    0x00002b12   0x00002b12   0x00000002   PAD
    0x00002b14   0x00002b14   0x0000016c   Code   RO         2115    i.rt_malloc         mem.o
    0x00002c80   0x00002c80   0x00000048   Code   RO         1947    i.rt_memset         kservice.o
    0x00002cc8   0x00002cc8   0x00000054   Code   RO         2176    i.rt_object_allocate  object.o
    0x00002d1c   0x00002d1c   0x00000024   Code   RO         2177    i.rt_object_delete  object.o
    0x00002d40   0x00002d40   0x0000001e   Code   RO         2178    i.rt_object_detach  object.o
    0x00002d5e   0x00002d5e   0x00000002   PAD
    0x00002d60   0x00002d60   0x00000028   Code   RO         2180    i.rt_object_get_information  object.o
    0x00002d88   0x00002d88   0x00000056   Code   RO         2182    i.rt_object_init    object.o
    0x00002dde   0x00002dde   0x00000012   Code   RO         2183    i.rt_object_is_systemobject  object.o
    0x00002df0   0x00002df0   0x00000084   Code   RO         2253    i.rt_schedule       scheduler.o
    0x00002e74   0x00002e74   0x00000050   Code   RO         2254    i.rt_schedule_insert_thread  scheduler.o
    0x00002ec4   0x00002ec4   0x00000054   Code   RO         2255    i.rt_schedule_remove_thread  scheduler.o
    0x00002f18   0x00002f18   0x00000026   Code   RO         1787    i.rt_sem_init       ipc.o
    0x00002f3e   0x00002f3e   0x0000003a   Code   RO         1788    i.rt_sem_release    ipc.o
    0x00002f78   0x00002f78   0x00000074   Code   RO         1789    i.rt_sem_take       ipc.o
    0x00002fec   0x00002fec   0x000000b0   Code   RO         1949    i.rt_show_version   kservice.o
    0x0000309c   0x0000309c   0x00000012   Code   RO         1955    i.rt_strlen         kservice.o
    0x000030ae   0x000030ae   0x00000034   Code   RO         1957    i.rt_strncpy        kservice.o
    0x000030e2   0x000030e2   0x00000002   PAD
    0x000030e4   0x000030e4   0x000000f8   Code   RO         2118    i.rt_system_heap_init  mem.o
    0x000031dc   0x000031dc   0x0000004c   Code   RO         2256    i.rt_system_scheduler_init  scheduler.o
    0x00003228   0x00003228   0x00000030   Code   RO         2257    i.rt_system_scheduler_start  scheduler.o
    0x00003258   0x00003258   0x0000001c   Code   RO         2448    i.rt_system_timer_init  timer.o
    0x00003274   0x00003274   0x00000002   Code   RO         2449    i.rt_system_timer_thread_init  timer.o
    0x00003276   0x00003276   0x00000050   Code   RO         2326    i.rt_thread_create  thread.o
    0x000032c6   0x000032c6   0x00000002   PAD
    0x000032c8   0x000032c8   0x00000054   Code   RO         2330    i.rt_thread_exit    thread.o
    0x0000331c   0x0000331c   0x00000008   Code   RO         1729    i.rt_thread_idle_entry  idle.o
    0x00003324   0x00003324   0x0000008c   Code   RO         1730    i.rt_thread_idle_excute  idle.o
    0x000033b0   0x000033b0   0x0000003c   Code   RO         1732    i.rt_thread_idle_init  idle.o
    0x000033ec   0x000033ec   0x00000034   Code   RO         2332    i.rt_thread_init    thread.o
    0x00003420   0x00003420   0x0000003c   Code   RO         2334    i.rt_thread_resume  thread.o
    0x0000345c   0x0000345c   0x0000000c   Code   RO         2335    i.rt_thread_self    thread.o
    0x00003468   0x00003468   0x0000002c   Code   RO         2337    i.rt_thread_startup  thread.o
    0x00003494   0x00003494   0x00000044   Code   RO         2338    i.rt_thread_suspend  thread.o
    0x000034d8   0x000034d8   0x00000020   Code   RO         2339    i.rt_thread_timeout  thread.o
    0x000034f8   0x000034f8   0x00000064   Code   RO         2340    i.rt_thread_yield   thread.o
    0x0000355c   0x0000355c   0x0000000c   Code   RO         1618    i.rt_tick_get       clock.o
    0x00003568   0x00003568   0x00000030   Code   RO         1619    i.rt_tick_increase  clock.o
    0x00003598   0x00003598   0x0000007c   Code   RO         2450    i.rt_timer_check    timer.o
    0x00003614   0x00003614   0x00000038   Code   RO         2451    i.rt_timer_control  timer.o
    0x0000364c   0x0000364c   0x00000020   Code   RO         2454    i.rt_timer_detach   timer.o
    0x0000366c   0x0000366c   0x0000002e   Code   RO         2455    i.rt_timer_init     timer.o
    0x0000369a   0x0000369a   0x00000002   PAD
    0x0000369c   0x0000369c   0x000000f8   Code   RO         2458    i.rt_timer_start    timer.o
    0x00003794   0x00003794   0x00000030   Code   RO         2459    i.rt_timer_stop     timer.o
    0x000037c4   0x000037c4   0x00000330   Code   RO         1960    i.rt_vsnprintf      kservice.o
    0x00003af4   0x00003af4   0x00000004   Code   RO         1659    i.rti_board_end     components.o
    0x00003af8   0x00003af8   0x00000004   Code   RO         1660    i.rti_board_start   components.o
    0x00003afc   0x00003afc   0x00000004   Code   RO         1661    i.rti_end           components.o
    0x00003b00   0x00003b00   0x00000004   Code   RO         1662    i.rti_start         components.o
    0x00003b04   0x00003b04   0x0000002a   Code   RO         1663    i.rtthread_startup  components.o
    0x00003b2e   0x00003b2e   0x00000026   Code   RO         1962    i.skip_atoi         kservice.o
    0x00003b54   0x00003b54   0x000016ae   Data   RO         1343    .constdata          gui.o
    0x00005202   0x00005202   0x00000002   PAD
    0x00005204   0x00005204   0x00000c90   Data   RO         1552    .constdata          test.o
    0x00005e94   0x00005e94   0x00000122   Data   RO         1964    .constdata          kservice.o
    0x00005fb6   0x00005fb6   0x00000002   PAD
    0x00005fb8   0x00005fb8   0x00000037   Data   RO         1553    .conststring        test.o
    0x00005fef   0x00005fef   0x00000001   PAD
    0x00005ff0   0x00005ff0   0x00000004   Data   RO         1664    .rti_fn.0           components.o
    0x00005ff4   0x00005ff4   0x00000004   Data   RO         1665    .rti_fn.0.end       components.o
    0x00005ff8   0x00005ff8   0x00000004   Data   RO         1666    .rti_fn.1.end       components.o
    0x00005ffc   0x00005ffc   0x00000004   Data   RO         1667    .rti_fn.6.end       components.o
    0x00006000   0x00006000   0x00000020   Data   RO         2915    Region$$Table       anon$$obj.o


    Execution Region RW_IRAM1 (Exec base: 0x20000000, Load base: 0x00006020, Size: 0x00001728, Max: 0x00004000, ABSOLUTE)

    Exec Addr    Load Addr    Size         Type   Attr      Idx    E Section Name        Object

    0x20000000   0x00006020   0x00000010   Data   RW          925    .data               system_gw1ns4c.o
    0x20000010   0x00006030   0x0000000c   Data   RW         1218    .data               retarget.o
    0x2000001c   0x0000603c   0x00000006   Data   RW         1470    .data               lcd.o
    0x20000022   0x00006042   0x0000000a   Data   RW         1554    .data               test.o
    0x2000002c   0x0000604c   0x00000004   Data   RW         1621    .data               clock.o
    0x20000030   0x00006050   0x00000001   Data   RW         1911    .data               irq.o
    0x20000031   0x00006051   0x00000003   PAD
    0x20000034   0x00006054   0x00000018   Data   RW         2120    .data               mem.o
    0x2000004c   0x0000606c   0x00000040   Data   RW         2185    .data               object.o
    0x2000008c   0x000060ac   0x00000018   Data   RW         2259    .data               scheduler.o
    0x200000a4   0x000060c4   0x0000000c   Data   RW         2460    .data               timer.o
    0x200000b0   0x000060d0   0x00000010   Data   RW         2559    .data               cpuport.o
    0x200000c0        -       0x00001000   Zero   RW         1262    .bss                board.o
    0x200010c0        -       0x0000000e   Zero   RW         1469    .bss                lcd.o
    0x200010ce   0x000060e0   0x00000002   PAD
    0x200010d0        -       0x00000178   Zero   RW         1733    .bss                idle.o
    0x20001248        -       0x00000080   Zero   RW         1963    .bss                kservice.o
    0x200012c8        -       0x00000020   Zero   RW         2119    .bss                mem.o
    0x200012e8        -       0x00000040   Zero   RW         2258    .bss                scheduler.o
    0x20001328        -       0x00000400   Zero   RW           17    STACK               startup_gw1ns4c.o


==============================================================================

Image component sizes


      Code (inc. data)   RO Data    RW Data    ZI Data      Debug   Object Name

       196         16          0          0       4096      10130   board.o
        60         12          0          4          0       1325   clock.o
       182         28         16          0          0       6352   components.o
       244         26          0          0          0        844   context_rvds.o
         0          0          0          0          0       4532   core_cm3.o
       588        328          0         16          0       3486   cpuport.o
      2824         84       5806          0          0      16103   gui.o
       212          0          0          0          0      13322   gw1ns4c_gpio.o
        74          0          0          0          0      16019   gw1ns4c_it.o
        76         12          0          0          0       1527   gw1ns4c_spi.o
       144          6          0          0          0       1808   gw1ns4c_uart.o
       228         32          0          0        376       5858   idle.o
       392          0          0          0          0       8701   ipc.o
        64         12          0          1          0       1766   irq.o
      1704        164        290          0        128       9268   kservice.o
      1156         48          0          6         14       9014   lcd.o
       466         74          0          0          0       3202   main.o
       956        224          0         24         32       4160   mem.o
       326          4          0         64          0       8724   object.o
        36          0          0         12          0       2478   retarget.o
       526         90          0         24         64       8922   scheduler.o
        36          8        192          0       1024        836   startup_gw1ns4c.o
        52         20          0         16          0        868   system_gw1ns4c.o
      2840        744       3271         10          0       6667   test.o
       696         30          0          0          0      11207   thread.o
       732         20          0         12          0      11808   timer.o

    ----------------------------------------------------------------------
     14842       1982       9612        192       5736     168927   Object Totals
         0          0         32          0          0          0   (incl. Generated)
        32          0          5          3          2          0   (incl. Padding)

    ----------------------------------------------------------------------

      Code (inc. data)   RO Data    RW Data    ZI Data      Debug   Library Member Name

         0          0          0          0          0          0   entry.o
         0          0          0          0          0          0   entry10a.o
         0          0          0          0          0          0   entry11a.o
         8          4          0          0          0          0   entry2.o
         4          0          0          0          0          0   entry5.o
         0          0          0          0          0          0   entry7b.o
         0          0          0          0          0          0   entry8b.o
         8          4          0          0          0          0   entry9a.o
        30          0          0          0          0          0   handlers.o
        36          8          0          0          0         68   init.o
        50          8          0          0          0        152   printfb.o
        14          0          0          0          0         68   strlen.o

    ----------------------------------------------------------------------
       154         24          0          0          0        288   Library Totals
         4          0          0          0          0          0   (incl. Padding)

    ----------------------------------------------------------------------

      Code (inc. data)   RO Data    RW Data    ZI Data      Debug   Library Name

       150         24          0          0          0        288   mc_w.l

    ----------------------------------------------------------------------
       154         24          0          0          0        288   Library Totals

    ----------------------------------------------------------------------

==============================================================================


      Code (inc. data)   RO Data    RW Data    ZI Data      Debug   

     14996       2006       9612        192       5736     160371   Grand Totals
     14996       2006       9612        192       5736     160371   ELF Image Totals
     14996       2006       9612        192          0          0   ROM Totals

==============================================================================

    Total RO  Size (Code + RO Data)                24608 (  24.03kB)
    Total RW  Size (RW Data + ZI Data)              5928 (   5.79kB)
    Total ROM Size (Code + RO Data + RW Data)      24800 (  24.22kB)

==============================================================================

