<html>
<body>
<pre>
<h1>µVision Build Log</h1>
<h2>Tool Versions:</h2>
IDE-Version: ¦ÌVision V5.33.0.0
Copyright (C) 2020 ARM Ltd and ARM Germany GmbH. All rights reserved.
License Information: Li chy, None, LIC=----
 
Tool Versions:
Toolchain:       MDK-Lite  Version: 5.33.0.0
Toolchain Path:  C:\Keil_v5\ARM\ARMCC\Bin
C Compiler:      Armcc.exe V5.06 update 7 (build 960)
Assembler:       Armasm.exe V5.06 update 7 (build 960)
Linker/Locator:  ArmLink.exe V5.06 update 7 (build 960)
Library Manager: ArmAr.exe V5.06 update 7 (build 960)
Hex Converter:   FromElf.exe V5.06 update 7 (build 960)
CPU DLL:         SARMCM3.DLL V5.33.0.0
Dialog DLL:      DCM.DLL V1.17.3.0
Target DLL:      Segger\JL2CM3.dll V2.99.38.0
Dialog DLL:      TCM.DLL V1.48.0.0
 
<h2>Project:</h2>
D:\workspace\FPGA\Gowin\new_mcu_prj\keil\new_gowin_proj.uvprojx
Project File Date:  05/15/2021

<h2>Output:</h2>
*** Using Compiler 'V5.06 update 7 (build 960)', folder: 'C:\Keil_v5\ARM\ARMCC\Bin'
Build target 'Target 1'
assembling startup_gw1ns4c.s...
compiling gw1ns4c_rtc.c...
compiling gw1ns4c_uart.c...
compiling gw1ns4c_i2c.c...
compiling core_cm3.c...
compiling system_gw1ns4c.c...
SYSTEM\system_gw1ns4c.c(144): warning:  #68-D: integer conversion resulted in a change of sign
    InitTypeDef_NVIC_RTC.NVIC_IRQChannel = SysTick_IRQn;
SYSTEM\system_gw1ns4c.c: 1 warning, 0 errors
compiling retarget.c...
compiling gw1ns4c_misc.c...
compiling systick.c...
compiling main.c...
compiling gw1ns4c_it.c...
compiling gw1ns4c_gpio.c...
compiling oled.c...
linking...
Program Size: Code=5816 RO-data=5248 RW-data=44 ZI-data=2052  
After Build - User command #1: fromelf.exe --bin -o new_gowin_proj.bin .\Objects\new_gowin_proj.axf
".\Objects\new_gowin_proj.axf" - 0 Error(s), 1 Warning(s).

<h2>Software Packages used:</h2>

Package Vendor: ARM
                http://www.keil.com/pack/ARM.CMSIS.5.7.0.pack
                ARM.CMSIS.5.7.0
                CMSIS (Cortex Microcontroller Software Interface Standard)

<h2>Collection of Component include folders:</h2>
  C:\Users\10731\AppData\Local\Arm\Packs\ARM\CMSIS\5.7.0\Device\ARM\ARMCM3\Include

<h2>Collection of Component Files used:</h2>
Build Time Elapsed:  00:00:01
</pre>
</body>
</html>
