Component: ARM Compiler 5.06 update 6 (build 750) Tool: armlink [4d35ed]

==============================================================================

Section Cross References

    startup_gw1ns4c.o(STACK) refers (Special) to heapauxi.o(.text) for __use_two_region_memory
    startup_gw1ns4c.o(HEAP) refers (Special) to heapauxi.o(.text) for __use_two_region_memory
    startup_gw1ns4c.o(RESET) refers (Special) to heapauxi.o(.text) for __use_two_region_memory
    startup_gw1ns4c.o(RESET) refers to startup_gw1ns4c.o(STACK) for __initial_sp
    startup_gw1ns4c.o(RESET) refers to startup_gw1ns4c.o(.text) for Reset_Handler
    startup_gw1ns4c.o(RESET) refers to gw1ns4c_it.o(i.NMI_Handler) for NMI_Handler
    startup_gw1ns4c.o(RESET) refers to gw1ns4c_it.o(i.HardFault_Handler) for HardFault_Handler
    startup_gw1ns4c.o(RESET) refers to gw1ns4c_it.o(i.MemManage_Handler) for MemManage_Handler
    startup_gw1ns4c.o(RESET) refers to gw1ns4c_it.o(i.BusFault_Handler) for BusFault_Handler
    startup_gw1ns4c.o(RESET) refers to gw1ns4c_it.o(i.UsageFault_Handler) for UsageFault_Handler
    startup_gw1ns4c.o(RESET) refers to gw1ns4c_it.o(i.SVC_Handler) for SVC_Handler
    startup_gw1ns4c.o(RESET) refers to gw1ns4c_it.o(i.DebugMon_Handler) for DebugMon_Handler
    startup_gw1ns4c.o(RESET) refers to gw1ns4c_it.o(i.PendSV_Handler) for PendSV_Handler
    startup_gw1ns4c.o(RESET) refers to gw1ns4c_it.o(i.SysTick_Handler) for SysTick_Handler
    startup_gw1ns4c.o(RESET) refers to gw1ns4c_it.o(i.UART0_Handler) for UART0_Handler
    startup_gw1ns4c.o(RESET) refers to gw1ns4c_it.o(i.USER_INT0_Handler) for USER_INT0_Handler
    startup_gw1ns4c.o(RESET) refers to gw1ns4c_it.o(i.UART1_Handler) for UART1_Handler
    startup_gw1ns4c.o(RESET) refers to gw1ns4c_it.o(i.USER_INT1_Handler) for USER_INT1_Handler
    startup_gw1ns4c.o(RESET) refers to gw1ns4c_it.o(i.USER_INT2_Handler) for USER_INT2_Handler
    startup_gw1ns4c.o(RESET) refers to gw1ns4c_it.o(i.RTC_Handler) for RTC_Handler
    startup_gw1ns4c.o(RESET) refers to gw1ns4c_it.o(i.USER_INT3_Handler) for USER_INT3_Handler
    startup_gw1ns4c.o(RESET) refers to gw1ns4c_it.o(i.TIMER0_Handler) for TIMER0_Handler
    startup_gw1ns4c.o(RESET) refers to gw1ns4c_it.o(i.TIMER1_Handler) for TIMER1_Handler
    startup_gw1ns4c.o(RESET) refers to gw1ns4c_it.o(i.I2C_Handler) for I2C_Handler
    startup_gw1ns4c.o(RESET) refers to gw1ns4c_it.o(i.USER_INT4_Handler) for USER_INT4_Handler
    startup_gw1ns4c.o(RESET) refers to gw1ns4c_it.o(i.USER_INT5_Handler) for USER_INT5_Handler
    startup_gw1ns4c.o(RESET) refers to gw1ns4c_it.o(i.PORT0_0_Handler) for PORT0_0_Handler
    startup_gw1ns4c.o(RESET) refers to gw1ns4c_it.o(i.PORT0_1_Handler) for PORT0_1_Handler
    startup_gw1ns4c.o(RESET) refers to gw1ns4c_it.o(i.PORT0_2_Handler) for PORT0_2_Handler
    startup_gw1ns4c.o(RESET) refers to gw1ns4c_it.o(i.PORT0_3_Handler) for PORT0_3_Handler
    startup_gw1ns4c.o(RESET) refers to gw1ns4c_it.o(i.PORT0_4_Handler) for PORT0_4_Handler
    startup_gw1ns4c.o(RESET) refers to gw1ns4c_it.o(i.PORT0_5_Handler) for PORT0_5_Handler
    startup_gw1ns4c.o(RESET) refers to gw1ns4c_it.o(i.PORT0_6_Handler) for PORT0_6_Handler
    startup_gw1ns4c.o(RESET) refers to gw1ns4c_it.o(i.PORT0_7_Handler) for PORT0_7_Handler
    startup_gw1ns4c.o(RESET) refers to gw1ns4c_it.o(i.PORT0_8_Handler) for PORT0_8_Handler
    startup_gw1ns4c.o(RESET) refers to gw1ns4c_it.o(i.PORT0_9_Handler) for PORT0_9_Handler
    startup_gw1ns4c.o(RESET) refers to gw1ns4c_it.o(i.PORT0_10_Handler) for PORT0_10_Handler
    startup_gw1ns4c.o(RESET) refers to gw1ns4c_it.o(i.PORT0_11_Handler) for PORT0_11_Handler
    startup_gw1ns4c.o(RESET) refers to gw1ns4c_it.o(i.PORT0_12_Handler) for PORT0_12_Handler
    startup_gw1ns4c.o(RESET) refers to gw1ns4c_it.o(i.PORT0_13_Handler) for PORT0_13_Handler
    startup_gw1ns4c.o(RESET) refers to gw1ns4c_it.o(i.PORT0_14_Handler) for PORT0_14_Handler
    startup_gw1ns4c.o(RESET) refers to gw1ns4c_it.o(i.PORT0_15_Handler) for PORT0_15_Handler
    startup_gw1ns4c.o(.text) refers (Special) to heapauxi.o(.text) for __use_two_region_memory
    startup_gw1ns4c.o(.text) refers to system_gw1ns4c.o(i.SystemInit) for SystemInit
    startup_gw1ns4c.o(.text) refers to __main.o(!!!main) for __main
    startup_gw1ns4c.o(.text) refers to startup_gw1ns4c.o(HEAP) for Heap_Mem
    startup_gw1ns4c.o(.text) refers to startup_gw1ns4c.o(STACK) for Stack_Mem
    system_gw1ns4c.o(i.SystemCoreClockUpdate) refers to system_gw1ns4c.o(.data) for SystemCoreClock
    system_gw1ns4c.o(i.SystemInit) refers to system_gw1ns4c.o(.data) for SystemCoreClock
    gw1ns4c_i2c.o(i.Delay_ms_i2c) refers to system_gw1ns4c.o(.data) for SystemCoreClock
    gw1ns4c_i2c.o(i.I2C_Init) refers to gw1ns4c_i2c.o(i.I2C_Enable) for I2C_Enable
    gw1ns4c_i2c.o(i.I2C_Init) refers to gw1ns4c_i2c.o(i.I2C_Rate_Set) for I2C_Rate_Set
    gw1ns4c_i2c.o(i.I2C_Rate_Set) refers to system_gw1ns4c.o(.data) for SystemCoreClock
    gw1ns4c_i2c.o(i.I2C_ReadBytes) refers to gw1ns4c_i2c.o(i.I2C_ReceiveByte) for I2C_ReceiveByte
    gw1ns4c_i2c.o(i.I2C_ReceiveByte) refers to gw1ns4c_i2c.o(i.Delay_ms_i2c) for Delay_ms_i2c
    gw1ns4c_i2c.o(i.I2C_SendByte) refers to gw1ns4c_i2c.o(i.Delay_ms_i2c) for Delay_ms_i2c
    gw1ns4c_i2c.o(i.I2C_SendBytes) refers to gw1ns4c_i2c.o(i.I2C_SendByte) for I2C_SendByte
    gw1ns4c_i2c.o(i.I2C_SendData) refers to gw1ns4c_i2c.o(i.Delay_ms_i2c) for Delay_ms_i2c
    gw1ns4c_rtc.o(i.RTC_init) refers to gw1ns4c_rtc.o(i.Set_Match_Value) for Set_Match_Value
    gw1ns4c_rtc.o(i.RTC_init) refers to gw1ns4c_rtc.o(i.Set_Load_Value) for Set_Load_Value
    gw1ns4c_rtc.o(i.RTC_init) refers to gw1ns4c_rtc.o(i.RTC_Inter_Mask_Set) for RTC_Inter_Mask_Set
    gw1ns4c_rtc.o(i.RTC_init) refers to gw1ns4c_rtc.o(i.Start_RTC) for Start_RTC
    gw1ns4c_uart.o(i.UART_Init) refers to system_gw1ns4c.o(.data) for PCLK1
    gw1ns4c_uart.o(i.UART_SendString) refers to gw1ns4c_uart.o(i.UART_SendChar) for UART_SendChar
    main.o(i.led_1) refers to main.o(i.Delay) for Delay
    main.o(i.led_1) refers to main.o(.data) for s
    main.o(i.led_off) refers to main.o(i.Delay) for Delay
    main.o(i.led_off) refers to main.o(.data) for s
    main.o(i.main) refers to system_gw1ns4c.o(i.SystemInit) for SystemInit
    main.o(i.main) refers to main.o(i.led_1) for led_1
    main.o(i.main) refers to main.o(i.Delay) for Delay
    main.o(i.main) refers to main.o(i.led_off) for led_off
    main.o(i.main) refers to main.o(.data) for key1
    __main.o(!!!main) refers to __rtentry.o(.ARM.Collect$$rtentry$$00000000) for __rt_entry
    __rtentry.o(.ARM.Collect$$rtentry$$00000000) refers (Special) to __rtentry2.o(.ARM.Collect$$rtentry$$0000000A) for __rt_entry_li
    __rtentry.o(.ARM.Collect$$rtentry$$00000000) refers (Special) to __rtentry2.o(.ARM.Collect$$rtentry$$0000000D) for __rt_entry_main
    __rtentry.o(.ARM.Collect$$rtentry$$00000000) refers (Special) to __rtentry2.o(.ARM.Collect$$rtentry$$0000000C) for __rt_entry_postli_1
    __rtentry.o(.ARM.Collect$$rtentry$$00000000) refers (Special) to __rtentry2.o(.ARM.Collect$$rtentry$$00000009) for __rt_entry_postsh_1
    __rtentry.o(.ARM.Collect$$rtentry$$00000000) refers (Special) to __rtentry2.o(.ARM.Collect$$rtentry$$00000002) for __rt_entry_presh_1
    __rtentry.o(.ARM.Collect$$rtentry$$00000000) refers (Special) to __rtentry4.o(.ARM.Collect$$rtentry$$00000004) for __rt_entry_sh
    __rtentry2.o(.ARM.Collect$$rtentry$$00000008) refers to boardinit2.o(.text) for _platform_post_stackheap_init
    __rtentry2.o(.ARM.Collect$$rtentry$$0000000A) refers to libinit.o(.ARM.Collect$$libinit$$00000000) for __rt_lib_init
    __rtentry2.o(.ARM.Collect$$rtentry$$0000000B) refers to boardinit3.o(.text) for _platform_post_lib_init
    __rtentry2.o(.ARM.Collect$$rtentry$$0000000D) refers to main.o(i.main) for main
    __rtentry2.o(.ARM.Collect$$rtentry$$0000000D) refers to exit.o(.text) for exit
    __rtentry2.o(.ARM.exidx) refers to __rtentry2.o(.ARM.Collect$$rtentry$$00000001) for .ARM.Collect$$rtentry$$00000001
    __rtentry2.o(.ARM.exidx) refers to __rtentry2.o(.ARM.Collect$$rtentry$$00000008) for .ARM.Collect$$rtentry$$00000008
    __rtentry2.o(.ARM.exidx) refers to __rtentry2.o(.ARM.Collect$$rtentry$$0000000A) for .ARM.Collect$$rtentry$$0000000A
    __rtentry2.o(.ARM.exidx) refers to __rtentry2.o(.ARM.Collect$$rtentry$$0000000B) for .ARM.Collect$$rtentry$$0000000B
    __rtentry2.o(.ARM.exidx) refers to __rtentry2.o(.ARM.Collect$$rtentry$$0000000D) for .ARM.Collect$$rtentry$$0000000D
    __rtentry4.o(.ARM.Collect$$rtentry$$00000004) refers to sys_stackheap_outer.o(.text) for __user_setup_stackheap
    __rtentry4.o(.ARM.exidx) refers to __rtentry4.o(.ARM.Collect$$rtentry$$00000004) for .ARM.Collect$$rtentry$$00000004
    sys_stackheap_outer.o(.text) refers to libspace.o(.text) for __user_perproc_libspace
    sys_stackheap_outer.o(.text) refers to startup_gw1ns4c.o(.text) for __user_initial_stackheap
    exit.o(.text) refers to rtexit.o(.ARM.Collect$$rtexit$$00000000) for __rt_exit
    libinit.o(.ARM.Collect$$libinit$$00000000) refers (Special) to libinit2.o(.ARM.Collect$$libinit$$0000002E) for __rt_lib_init_alloca_1
    libinit.o(.ARM.Collect$$libinit$$00000000) refers (Special) to libinit2.o(.ARM.Collect$$libinit$$0000002C) for __rt_lib_init_argv_1
    libinit.o(.ARM.Collect$$libinit$$00000000) refers (Special) to libinit2.o(.ARM.Collect$$libinit$$0000001B) for __rt_lib_init_atexit_1
    libinit.o(.ARM.Collect$$libinit$$00000000) refers (Special) to libinit2.o(.ARM.Collect$$libinit$$00000021) for __rt_lib_init_clock_1
    libinit.o(.ARM.Collect$$libinit$$00000000) refers (Special) to libinit2.o(.ARM.Collect$$libinit$$00000032) for __rt_lib_init_cpp_1
    libinit.o(.ARM.Collect$$libinit$$00000000) refers (Special) to libinit2.o(.ARM.Collect$$libinit$$00000030) for __rt_lib_init_exceptions_1
    libinit.o(.ARM.Collect$$libinit$$00000000) refers (Special) to libinit2.o(.ARM.Collect$$libinit$$00000002) for __rt_lib_init_fp_1
    libinit.o(.ARM.Collect$$libinit$$00000000) refers (Special) to libinit2.o(.ARM.Collect$$libinit$$0000001F) for __rt_lib_init_fp_trap_1
    libinit.o(.ARM.Collect$$libinit$$00000000) refers (Special) to libinit2.o(.ARM.Collect$$libinit$$00000023) for __rt_lib_init_getenv_1
    libinit.o(.ARM.Collect$$libinit$$00000000) refers (Special) to libinit2.o(.ARM.Collect$$libinit$$0000000A) for __rt_lib_init_heap_1
    libinit.o(.ARM.Collect$$libinit$$00000000) refers (Special) to libinit2.o(.ARM.Collect$$libinit$$00000011) for __rt_lib_init_lc_collate_1
    libinit.o(.ARM.Collect$$libinit$$00000000) refers (Special) to libinit2.o(.ARM.Collect$$libinit$$00000013) for __rt_lib_init_lc_ctype_1
    libinit.o(.ARM.Collect$$libinit$$00000000) refers (Special) to libinit2.o(.ARM.Collect$$libinit$$00000015) for __rt_lib_init_lc_monetary_1
    libinit.o(.ARM.Collect$$libinit$$00000000) refers (Special) to libinit2.o(.ARM.Collect$$libinit$$00000017) for __rt_lib_init_lc_numeric_1
    libinit.o(.ARM.Collect$$libinit$$00000000) refers (Special) to libinit2.o(.ARM.Collect$$libinit$$00000019) for __rt_lib_init_lc_time_1
    libinit.o(.ARM.Collect$$libinit$$00000000) refers (Special) to libinit2.o(.ARM.Collect$$libinit$$00000004) for __rt_lib_init_preinit_1
    libinit.o(.ARM.Collect$$libinit$$00000000) refers (Special) to libinit2.o(.ARM.Collect$$libinit$$0000000E) for __rt_lib_init_rand_1
    libinit.o(.ARM.Collect$$libinit$$00000000) refers (Special) to libinit2.o(.ARM.Collect$$libinit$$00000033) for __rt_lib_init_return
    libinit.o(.ARM.Collect$$libinit$$00000000) refers (Special) to libinit2.o(.ARM.Collect$$libinit$$0000001D) for __rt_lib_init_signal_1
    libinit.o(.ARM.Collect$$libinit$$00000000) refers (Special) to libinit2.o(.ARM.Collect$$libinit$$00000025) for __rt_lib_init_stdio_1
    libinit.o(.ARM.Collect$$libinit$$00000000) refers (Special) to libinit2.o(.ARM.Collect$$libinit$$0000000C) for __rt_lib_init_user_alloc_1
    libspace.o(.text) refers to libspace.o(.bss) for __libspace_start
    rtexit.o(.ARM.Collect$$rtexit$$00000000) refers (Special) to rtexit2.o(.ARM.Collect$$rtexit$$00000004) for __rt_exit_exit
    rtexit.o(.ARM.Collect$$rtexit$$00000000) refers (Special) to rtexit2.o(.ARM.Collect$$rtexit$$00000003) for __rt_exit_ls
    rtexit.o(.ARM.Collect$$rtexit$$00000000) refers (Special) to rtexit2.o(.ARM.Collect$$rtexit$$00000002) for __rt_exit_prels_1
    rtexit.o(.ARM.exidx) refers (Special) to rtexit2.o(.ARM.Collect$$rtexit$$00000004) for __rt_exit_exit
    rtexit.o(.ARM.exidx) refers (Special) to rtexit2.o(.ARM.Collect$$rtexit$$00000003) for __rt_exit_ls
    rtexit.o(.ARM.exidx) refers (Special) to rtexit2.o(.ARM.Collect$$rtexit$$00000002) for __rt_exit_prels_1
    rtexit.o(.ARM.exidx) refers to rtexit.o(.ARM.Collect$$rtexit$$00000000) for .ARM.Collect$$rtexit$$00000000
    libinit2.o(.ARM.Collect$$libinit$$00000010) refers to libinit2.o(.ARM.Collect$$libinit$$0000000F) for .ARM.Collect$$libinit$$0000000F
    libinit2.o(.ARM.Collect$$libinit$$00000012) refers to libinit2.o(.ARM.Collect$$libinit$$0000000F) for .ARM.Collect$$libinit$$0000000F
    libinit2.o(.ARM.Collect$$libinit$$00000014) refers to libinit2.o(.ARM.Collect$$libinit$$0000000F) for .ARM.Collect$$libinit$$0000000F
    libinit2.o(.ARM.Collect$$libinit$$00000016) refers to libinit2.o(.ARM.Collect$$libinit$$0000000F) for .ARM.Collect$$libinit$$0000000F
    libinit2.o(.ARM.Collect$$libinit$$00000018) refers to libinit2.o(.ARM.Collect$$libinit$$0000000F) for .ARM.Collect$$libinit$$0000000F
    libinit2.o(.ARM.Collect$$libinit$$00000026) refers to argv_veneer.o(.emb_text) for __ARM_argv_veneer
    libinit2.o(.ARM.Collect$$libinit$$00000027) refers to argv_veneer.o(.emb_text) for __ARM_argv_veneer
    rtexit2.o(.ARM.Collect$$rtexit$$00000003) refers to libshutdown.o(.ARM.Collect$$libshutdown$$00000000) for __rt_lib_shutdown
    rtexit2.o(.ARM.Collect$$rtexit$$00000004) refers to sys_exit.o(.text) for _sys_exit
    rtexit2.o(.ARM.exidx) refers to rtexit2.o(.ARM.Collect$$rtexit$$00000001) for .ARM.Collect$$rtexit$$00000001
    rtexit2.o(.ARM.exidx) refers to rtexit2.o(.ARM.Collect$$rtexit$$00000003) for .ARM.Collect$$rtexit$$00000003
    rtexit2.o(.ARM.exidx) refers to rtexit2.o(.ARM.Collect$$rtexit$$00000004) for .ARM.Collect$$rtexit$$00000004
    argv_veneer.o(.emb_text) refers to no_argv.o(.text) for __ARM_get_argv
    sys_exit.o(.text) refers (Special) to use_no_semi.o(.text) for __I$use$semihosting
    sys_exit.o(.text) refers (Special) to indicate_semi.o(.text) for __semihosting_library_function
    _get_argv_nomalloc.o(.text) refers (Special) to hrguard.o(.text) for __heap_region$guard
    _get_argv_nomalloc.o(.text) refers to defsig_rtmem_outer.o(.text) for __rt_SIGRTMEM
    _get_argv_nomalloc.o(.text) refers to sys_command.o(.text) for _sys_command_string
    libshutdown.o(.ARM.Collect$$libshutdown$$00000000) refers (Special) to libshutdown2.o(.ARM.Collect$$libshutdown$$00000002) for __rt_lib_shutdown_cpp_1
    libshutdown.o(.ARM.Collect$$libshutdown$$00000000) refers (Special) to libshutdown2.o(.ARM.Collect$$libshutdown$$00000007) for __rt_lib_shutdown_fp_trap_1
    libshutdown.o(.ARM.Collect$$libshutdown$$00000000) refers (Special) to libshutdown2.o(.ARM.Collect$$libshutdown$$0000000F) for __rt_lib_shutdown_heap_1
    libshutdown.o(.ARM.Collect$$libshutdown$$00000000) refers (Special) to libshutdown2.o(.ARM.Collect$$libshutdown$$00000010) for __rt_lib_shutdown_return
    libshutdown.o(.ARM.Collect$$libshutdown$$00000000) refers (Special) to libshutdown2.o(.ARM.Collect$$libshutdown$$0000000A) for __rt_lib_shutdown_signal_1
    libshutdown.o(.ARM.Collect$$libshutdown$$00000000) refers (Special) to libshutdown2.o(.ARM.Collect$$libshutdown$$00000004) for __rt_lib_shutdown_stdio_1
    libshutdown.o(.ARM.Collect$$libshutdown$$00000000) refers (Special) to libshutdown2.o(.ARM.Collect$$libshutdown$$0000000C) for __rt_lib_shutdown_user_alloc_1
    sys_command.o(.text) refers (Special) to use_no_semi.o(.text) for __I$use$semihosting
    sys_command.o(.text) refers (Special) to indicate_semi.o(.text) for __semihosting_library_function
    defsig_rtmem_outer.o(.text) refers to defsig_rtmem_inner.o(.text) for __rt_SIGRTMEM_inner
    defsig_rtmem_outer.o(.text) refers to defsig_exit.o(.text) for __sig_exit
    defsig_rtmem_formal.o(.text) refers to rt_raise.o(.text) for __rt_raise
    rt_raise.o(.text) refers to __raise.o(.text) for __raise
    rt_raise.o(.text) refers to sys_exit.o(.text) for _sys_exit
    defsig_exit.o(.text) refers to sys_exit.o(.text) for _sys_exit
    defsig_rtmem_inner.o(.text) refers to defsig_general.o(.text) for __default_signal_display
    __raise.o(.text) refers to defsig.o(CL$$defsig) for __default_signal_handler
    defsig_general.o(.text) refers to sys_wrch.o(.text) for _ttywrch
    sys_wrch.o(.text) refers (Special) to use_no_semi.o(.text) for __I$use$semihosting
    sys_wrch.o(.text) refers (Special) to indicate_semi.o(.text) for __semihosting_library_function
    defsig.o(CL$$defsig) refers to defsig_rtmem_inner.o(.text) for __rt_SIGRTMEM_inner
    defsig_abrt_inner.o(.text) refers to defsig_general.o(.text) for __default_signal_display
    defsig_fpe_inner.o(.text) refers to defsig_general.o(.text) for __default_signal_display
    defsig_rtred_inner.o(.text) refers to defsig_general.o(.text) for __default_signal_display
    defsig_stak_inner.o(.text) refers to defsig_general.o(.text) for __default_signal_display
    defsig_pvfn_inner.o(.text) refers to defsig_general.o(.text) for __default_signal_display
    defsig_cppl_inner.o(.text) refers to defsig_general.o(.text) for __default_signal_display
    defsig_segv_inner.o(.text) refers to defsig_general.o(.text) for __default_signal_display
    defsig_other.o(.text) refers to defsig_general.o(.text) for __default_signal_display


==============================================================================

Removing Unused input sections from the image.

    Removing core_cm3.o(.emb_text), (32 bytes).
    Removing system_gw1ns4c.o(i.SystemCoreClockUpdate), (52 bytes).
    Removing gw1ns4c_gpio.o(i.GPIO_ClrAltFunc), (4 bytes).
    Removing gw1ns4c_gpio.o(i.GPIO_ClrIntEnable), (12 bytes).
    Removing gw1ns4c_gpio.o(i.GPIO_ClrOutEnable), (4 bytes).
    Removing gw1ns4c_gpio.o(i.GPIO_GetAltFunc), (6 bytes).
    Removing gw1ns4c_gpio.o(i.GPIO_GetIntStatus), (6 bytes).
    Removing gw1ns4c_gpio.o(i.GPIO_GetOutEnable), (6 bytes).
    Removing gw1ns4c_gpio.o(i.GPIO_Init), (196 bytes).
    Removing gw1ns4c_gpio.o(i.GPIO_IntClear), (8 bytes).
    Removing gw1ns4c_gpio.o(i.GPIO_MaskedWrite), (28 bytes).
    Removing gw1ns4c_gpio.o(i.GPIO_ReadBits), (6 bytes).
    Removing gw1ns4c_gpio.o(i.GPIO_ResetBit), (8 bytes).
    Removing gw1ns4c_gpio.o(i.GPIO_SetAltFunc), (8 bytes).
    Removing gw1ns4c_gpio.o(i.GPIO_SetBit), (8 bytes).
    Removing gw1ns4c_gpio.o(i.GPIO_SetIntEnable), (12 bytes).
    Removing gw1ns4c_gpio.o(i.GPIO_SetIntFallingEdge), (20 bytes).
    Removing gw1ns4c_gpio.o(i.GPIO_SetIntHighLevel), (20 bytes).
    Removing gw1ns4c_gpio.o(i.GPIO_SetIntLowLevel), (20 bytes).
    Removing gw1ns4c_gpio.o(i.GPIO_SetIntRisingEdge), (20 bytes).
    Removing gw1ns4c_gpio.o(i.GPIO_SetOutEnable), (8 bytes).
    Removing gw1ns4c_gpio.o(i.GPIO_WriteBits), (4 bytes).
    Removing gw1ns4c_i2c.o(i.Delay_ms_i2c), (36 bytes).
    Removing gw1ns4c_i2c.o(i.I2C_Enable), (10 bytes).
    Removing gw1ns4c_i2c.o(i.I2C_Init), (46 bytes).
    Removing gw1ns4c_i2c.o(i.I2C_InterruptClose), (10 bytes).
    Removing gw1ns4c_i2c.o(i.I2C_InterruptOpen), (10 bytes).
    Removing gw1ns4c_i2c.o(i.I2C_Rate_Set), (32 bytes).
    Removing gw1ns4c_i2c.o(i.I2C_ReadBytes), (44 bytes).
    Removing gw1ns4c_i2c.o(i.I2C_ReceiveByte), (140 bytes).
    Removing gw1ns4c_i2c.o(i.I2C_ReceiveData), (164 bytes).
    Removing gw1ns4c_i2c.o(i.I2C_SendByte), (124 bytes).
    Removing gw1ns4c_i2c.o(i.I2C_SendBytes), (44 bytes).
    Removing gw1ns4c_i2c.o(i.I2C_SendData), (158 bytes).
    Removing gw1ns4c_i2c.o(i.I2C_UnEnable), (8 bytes).
    Removing gw1ns4c_misc.o(i.NVIC_Init), (112 bytes).
    Removing gw1ns4c_misc.o(i.NVIC_PriorityGroupConfig), (20 bytes).
    Removing gw1ns4c_misc.o(i.NVIC_SetVectorTable), (20 bytes).
    Removing gw1ns4c_misc.o(i.SysTick_CLKSourceConfig), (18 bytes).
    Removing gw1ns4c_rtc.o(i.Clear_RTC_interrupt), (12 bytes).
    Removing gw1ns4c_rtc.o(i.Close_RTC), (12 bytes).
    Removing gw1ns4c_rtc.o(i.Get_Current_Value), (12 bytes).
    Removing gw1ns4c_rtc.o(i.Get_Load_Value), (12 bytes).
    Removing gw1ns4c_rtc.o(i.Get_Match_Value), (12 bytes).
    Removing gw1ns4c_rtc.o(i.Get_RTC_Control_value), (12 bytes).
    Removing gw1ns4c_rtc.o(i.Get_RTC_Inter_Mask_value), (12 bytes).
    Removing gw1ns4c_rtc.o(i.RTC_Inter_Mask_Clr), (12 bytes).
    Removing gw1ns4c_rtc.o(i.RTC_Inter_Mask_Set), (12 bytes).
    Removing gw1ns4c_rtc.o(i.RTC_init), (24 bytes).
    Removing gw1ns4c_rtc.o(i.Set_Load_Value), (12 bytes).
    Removing gw1ns4c_rtc.o(i.Set_Match_Value), (12 bytes).
    Removing gw1ns4c_rtc.o(i.Start_RTC), (12 bytes).
    Removing gw1ns4c_spi.o(i.SPI_ClrDirection), (24 bytes).
    Removing gw1ns4c_spi.o(i.SPI_ClrErrStatus), (24 bytes).
    Removing gw1ns4c_spi.o(i.SPI_ClrPhase), (24 bytes).
    Removing gw1ns4c_spi.o(i.SPI_ClrPolarity), (24 bytes).
    Removing gw1ns4c_spi.o(i.SPI_ClrRoeStatus), (24 bytes).
    Removing gw1ns4c_spi.o(i.SPI_ClrToeStatus), (24 bytes).
    Removing gw1ns4c_spi.o(i.SPI_GetClkSel), (16 bytes).
    Removing gw1ns4c_spi.o(i.SPI_GetDirection), (16 bytes).
    Removing gw1ns4c_spi.o(i.SPI_GetErrStatus), (16 bytes).
    Removing gw1ns4c_spi.o(i.SPI_GetPhase), (16 bytes).
    Removing gw1ns4c_spi.o(i.SPI_GetPolarity), (16 bytes).
    Removing gw1ns4c_spi.o(i.SPI_GetRoeStatus), (16 bytes).
    Removing gw1ns4c_spi.o(i.SPI_GetRrdyStatus), (16 bytes).
    Removing gw1ns4c_spi.o(i.SPI_GetTmtStatus), (16 bytes).
    Removing gw1ns4c_spi.o(i.SPI_GetToeStatus), (16 bytes).
    Removing gw1ns4c_spi.o(i.SPI_GetTrdyStatus), (16 bytes).
    Removing gw1ns4c_spi.o(i.SPI_Init), (64 bytes).
    Removing gw1ns4c_spi.o(i.SPI_ReadData), (12 bytes).
    Removing gw1ns4c_spi.o(i.SPI_Select_Slave), (12 bytes).
    Removing gw1ns4c_spi.o(i.SPI_SetClkSel), (44 bytes).
    Removing gw1ns4c_spi.o(i.SPI_SetDirection), (24 bytes).
    Removing gw1ns4c_spi.o(i.SPI_SetPhase), (24 bytes).
    Removing gw1ns4c_spi.o(i.SPI_SetPolarity), (24 bytes).
    Removing gw1ns4c_spi.o(i.SPI_WriteData), (12 bytes).
    Removing gw1ns4c_syscon.o(i.SYSCON_GetPmuctrlEnable), (12 bytes).
    Removing gw1ns4c_syscon.o(i.SYSCON_GetRemap), (12 bytes).
    Removing gw1ns4c_syscon.o(i.SYSCON_GetResetopLockuprst), (12 bytes).
    Removing gw1ns4c_syscon.o(i.SYSCON_GetRstinfoLockreset), (16 bytes).
    Removing gw1ns4c_syscon.o(i.SYSCON_GetRstinfoSysresetreq), (16 bytes).
    Removing gw1ns4c_syscon.o(i.SYSCON_GetRstinfoWdogresetreq), (16 bytes).
    Removing gw1ns4c_syscon.o(i.SYSCON_Init), (20 bytes).
    Removing gw1ns4c_timer.o(i.TIMER_ClearIRQ), (6 bytes).
    Removing gw1ns4c_timer.o(i.TIMER_DisableIRQ), (10 bytes).
    Removing gw1ns4c_timer.o(i.TIMER_EnableIRQ), (10 bytes).
    Removing gw1ns4c_timer.o(i.TIMER_GetIRQStatus), (8 bytes).
    Removing gw1ns4c_timer.o(i.TIMER_GetReload), (6 bytes).
    Removing gw1ns4c_timer.o(i.TIMER_GetValue), (6 bytes).
    Removing gw1ns4c_timer.o(i.TIMER_Init), (84 bytes).
    Removing gw1ns4c_timer.o(i.TIMER_SelExtClock), (16 bytes).
    Removing gw1ns4c_timer.o(i.TIMER_SelExtEnable), (16 bytes).
    Removing gw1ns4c_timer.o(i.TIMER_SetReload), (4 bytes).
    Removing gw1ns4c_timer.o(i.TIMER_SetValue), (4 bytes).
    Removing gw1ns4c_timer.o(i.TIMER_StartTimer), (10 bytes).
    Removing gw1ns4c_timer.o(i.TIMER_StopTimer), (10 bytes).
    Removing gw1ns4c_uart.o(i.UART_ClearRxBufferOverrunStatus), (6 bytes).
    Removing gw1ns4c_uart.o(i.UART_ClearRxIRQ), (6 bytes).
    Removing gw1ns4c_uart.o(i.UART_ClearRxOverrunIRQ), (6 bytes).
    Removing gw1ns4c_uart.o(i.UART_ClearTxBufferOverrunStatus), (6 bytes).
    Removing gw1ns4c_uart.o(i.UART_ClearTxIRQ), (6 bytes).
    Removing gw1ns4c_uart.o(i.UART_ClearTxOverrunIRQ), (6 bytes).
    Removing gw1ns4c_uart.o(i.UART_ClrHSTM), (10 bytes).
    Removing gw1ns4c_uart.o(i.UART_GetBaudDivider), (6 bytes).
    Removing gw1ns4c_uart.o(i.UART_GetRxBufferFull), (10 bytes).
    Removing gw1ns4c_uart.o(i.UART_GetRxBufferOverrunStatus), (10 bytes).
    Removing gw1ns4c_uart.o(i.UART_GetRxIRQStatus), (10 bytes).
    Removing gw1ns4c_uart.o(i.UART_GetRxOverrunIRQStatus), (10 bytes).
    Removing gw1ns4c_uart.o(i.UART_GetTxBufferFull), (10 bytes).
    Removing gw1ns4c_uart.o(i.UART_GetTxBufferOverrunStatus), (10 bytes).
    Removing gw1ns4c_uart.o(i.UART_GetTxIRQStatus), (10 bytes).
    Removing gw1ns4c_uart.o(i.UART_GetTxOverrunIRQStatus), (10 bytes).
    Removing gw1ns4c_uart.o(i.UART_Init), (128 bytes).
    Removing gw1ns4c_uart.o(i.UART_ReceiveChar), (20 bytes).
    Removing gw1ns4c_uart.o(i.UART_SendChar), (16 bytes).
    Removing gw1ns4c_uart.o(i.UART_SendString), (28 bytes).
    Removing gw1ns4c_uart.o(i.UART_SetHSTM), (10 bytes).
    Removing gw1ns4c_wdog.o(i.WDOG_ClrITModeEnable), (20 bytes).
    Removing gw1ns4c_wdog.o(i.WDOG_ClrITOP), (16 bytes).
    Removing gw1ns4c_wdog.o(i.WDOG_ClrIntEnable), (12 bytes).
    Removing gw1ns4c_wdog.o(i.WDOG_GetCounterValue), (12 bytes).
    Removing gw1ns4c_wdog.o(i.WDOG_GetITModeStatus), (20 bytes).
    Removing gw1ns4c_wdog.o(i.WDOG_GetITOPIntStatus), (20 bytes).
    Removing gw1ns4c_wdog.o(i.WDOG_GetITOPResStatus), (20 bytes).
    Removing gw1ns4c_wdog.o(i.WDOG_GetIntStatus), (20 bytes).
    Removing gw1ns4c_wdog.o(i.WDOG_GetMaskIntStatus), (20 bytes).
    Removing gw1ns4c_wdog.o(i.WDOG_GetRawIntStatus), (20 bytes).
    Removing gw1ns4c_wdog.o(i.WDOG_GetResStatus), (20 bytes).
    Removing gw1ns4c_wdog.o(i.WDOG_Init), (164 bytes).
    Removing gw1ns4c_wdog.o(i.WDOG_LockWriteAccess), (12 bytes).
    Removing gw1ns4c_wdog.o(i.WDOG_RestartCounter), (12 bytes).
    Removing gw1ns4c_wdog.o(i.WDOG_SetITModeEnable), (20 bytes).
    Removing gw1ns4c_wdog.o(i.WDOG_SetITOP), (12 bytes).
    Removing gw1ns4c_wdog.o(i.WDOG_SetIntEnable), (20 bytes).
    Removing gw1ns4c_wdog.o(i.WDOG_SetResetEnable), (20 bytes).
    Removing gw1ns4c_wdog.o(i.WDOG_UnlockWriteAccess), (16 bytes).

136 unused section(s) (total 3276 bytes) removed from the image.

==============================================================================

Image Symbol Table

    Local Symbols

    Symbol Name                              Value     Ov Type        Size  Object(Section)

    RESET                                    0x00000000   Section      192  startup_gw1ns4c.o(RESET)
    ../clib/angel/boardlib.s                 0x00000000   Number         0  boardinit1.o ABSOLUTE
    ../clib/angel/boardlib.s                 0x00000000   Number         0  boardshut.o ABSOLUTE
    ../clib/angel/boardlib.s                 0x00000000   Number         0  boardinit2.o ABSOLUTE
    ../clib/angel/boardlib.s                 0x00000000   Number         0  boardinit3.o ABSOLUTE
    ../clib/angel/handlers.s                 0x00000000   Number         0  __scatter_zi.o ABSOLUTE
    ../clib/angel/handlers.s                 0x00000000   Number         0  __scatter_copy.o ABSOLUTE
    ../clib/angel/kernel.s                   0x00000000   Number         0  __rtentry.o ABSOLUTE
    ../clib/angel/kernel.s                   0x00000000   Number         0  __rtentry2.o ABSOLUTE
    ../clib/angel/kernel.s                   0x00000000   Number         0  __rtentry4.o ABSOLUTE
    ../clib/angel/kernel.s                   0x00000000   Number         0  rtexit.o ABSOLUTE
    ../clib/angel/kernel.s                   0x00000000   Number         0  rtexit2.o ABSOLUTE
    ../clib/angel/rt.s                       0x00000000   Number         0  rt_raise.o ABSOLUTE
    ../clib/angel/scatter.s                  0x00000000   Number         0  __scatter.o ABSOLUTE
    ../clib/angel/startup.s                  0x00000000   Number         0  __main.o ABSOLUTE
    ../clib/angel/sys.s                      0x00000000   Number         0  indicate_semi.o ABSOLUTE
    ../clib/angel/sys.s                      0x00000000   Number         0  use_no_semi.o ABSOLUTE
    ../clib/angel/sys.s                      0x00000000   Number         0  sys_stackheap_outer.o ABSOLUTE
    ../clib/angel/sys.s                      0x00000000   Number         0  libspace.o ABSOLUTE
    ../clib/angel/sysapp.c                   0x00000000   Number         0  sys_wrch.o ABSOLUTE
    ../clib/angel/sysapp.c                   0x00000000   Number         0  sys_command.o ABSOLUTE
    ../clib/angel/sysapp.c                   0x00000000   Number         0  sys_exit.o ABSOLUTE
    ../clib/armsys.c                         0x00000000   Number         0  argv_veneer.o ABSOLUTE
    ../clib/armsys.c                         0x00000000   Number         0  argv_veneer.o ABSOLUTE
    ../clib/armsys.c                         0x00000000   Number         0  _get_argv_nomalloc.o ABSOLUTE
    ../clib/armsys.c                         0x00000000   Number         0  no_argv.o ABSOLUTE
    ../clib/heapalloc.c                      0x00000000   Number         0  hrguard.o ABSOLUTE
    ../clib/heapaux.c                        0x00000000   Number         0  heapauxi.o ABSOLUTE
    ../clib/libinit.s                        0x00000000   Number         0  libshutdown.o ABSOLUTE
    ../clib/libinit.s                        0x00000000   Number         0  libinit.o ABSOLUTE
    ../clib/libinit.s                        0x00000000   Number         0  libinit2.o ABSOLUTE
    ../clib/libinit.s                        0x00000000   Number         0  libshutdown2.o ABSOLUTE
    ../clib/signal.c                         0x00000000   Number         0  __raise.o ABSOLUTE
    ../clib/signal.c                         0x00000000   Number         0  defsig_rtmem_inner.o ABSOLUTE
    ../clib/signal.c                         0x00000000   Number         0  defsig_exit.o ABSOLUTE
    ../clib/signal.c                         0x00000000   Number         0  defsig_rtmem_formal.o ABSOLUTE
    ../clib/signal.c                         0x00000000   Number         0  defsig_rtmem_outer.o ABSOLUTE
    ../clib/signal.c                         0x00000000   Number         0  defsig_stak_inner.o ABSOLUTE
    ../clib/signal.c                         0x00000000   Number         0  defsig_fpe_inner.o ABSOLUTE
    ../clib/signal.c                         0x00000000   Number         0  defsig_rtred_inner.o ABSOLUTE
    ../clib/signal.c                         0x00000000   Number         0  defsig_pvfn_inner.o ABSOLUTE
    ../clib/signal.c                         0x00000000   Number         0  defsig_cppl_inner.o ABSOLUTE
    ../clib/signal.c                         0x00000000   Number         0  defsig_segv_inner.o ABSOLUTE
    ../clib/signal.c                         0x00000000   Number         0  defsig_other.o ABSOLUTE
    ../clib/signal.c                         0x00000000   Number         0  defsig_general.o ABSOLUTE
    ../clib/signal.c                         0x00000000   Number         0  defsig_abrt_inner.o ABSOLUTE
    ../clib/signal.s                         0x00000000   Number         0  defsig.o ABSOLUTE
    ../clib/stdlib.c                         0x00000000   Number         0  exit.o ABSOLUTE
    ../fplib/fpinit.s                        0x00000000   Number         0  fpinit.o ABSOLUTE
    ..\CORE\core_cm3.c                       0x00000000   Number         0  core_cm3.o ABSOLUTE
    ..\PERIPHERAL\Sources\gw1ns4c_gpio.c     0x00000000   Number         0  gw1ns4c_gpio.o ABSOLUTE
    ..\PERIPHERAL\Sources\gw1ns4c_i2c.c      0x00000000   Number         0  gw1ns4c_i2c.o ABSOLUTE
    ..\PERIPHERAL\Sources\gw1ns4c_misc.c     0x00000000   Number         0  gw1ns4c_misc.o ABSOLUTE
    ..\PERIPHERAL\Sources\gw1ns4c_rtc.c      0x00000000   Number         0  gw1ns4c_rtc.o ABSOLUTE
    ..\PERIPHERAL\Sources\gw1ns4c_spi.c      0x00000000   Number         0  gw1ns4c_spi.o ABSOLUTE
    ..\PERIPHERAL\Sources\gw1ns4c_syscon.c   0x00000000   Number         0  gw1ns4c_syscon.o ABSOLUTE
    ..\PERIPHERAL\Sources\gw1ns4c_timer.c    0x00000000   Number         0  gw1ns4c_timer.o ABSOLUTE
    ..\PERIPHERAL\Sources\gw1ns4c_uart.c     0x00000000   Number         0  gw1ns4c_uart.o ABSOLUTE
    ..\PERIPHERAL\Sources\gw1ns4c_wdog.c     0x00000000   Number         0  gw1ns4c_wdog.o ABSOLUTE
    ..\STARTUP\startup_gw1ns4c.s             0x00000000   Number         0  startup_gw1ns4c.o ABSOLUTE
    ..\SYSTEM\system_gw1ns4c.c               0x00000000   Number         0  system_gw1ns4c.o ABSOLUTE
    ..\USER\gw1ns4c_it.c                     0x00000000   Number         0  gw1ns4c_it.o ABSOLUTE
    ..\USER\main.c                           0x00000000   Number         0  main.o ABSOLUTE
    ..\\CORE\\core_cm3.c                     0x00000000   Number         0  core_cm3.o ABSOLUTE
    dc.s                                     0x00000000   Number         0  dc.o ABSOLUTE
    !!!main                                  0x000000c0   Section        8  __main.o(!!!main)
    !!!scatter                               0x000000c8   Section       52  __scatter.o(!!!scatter)
    !!handler_copy                           0x000000fc   Section       26  __scatter_copy.o(!!handler_copy)
    !!handler_zi                             0x00000118   Section       28  __scatter_zi.o(!!handler_zi)
    .ARM.Collect$$libinit$$00000000          0x00000134   Section        2  libinit.o(.ARM.Collect$$libinit$$00000000)
    .ARM.Collect$$libinit$$00000002          0x00000136   Section        0  libinit2.o(.ARM.Collect$$libinit$$00000002)
    .ARM.Collect$$libinit$$00000004          0x00000136   Section        0  libinit2.o(.ARM.Collect$$libinit$$00000004)
    .ARM.Collect$$libinit$$0000000A          0x00000136   Section        0  libinit2.o(.ARM.Collect$$libinit$$0000000A)
    .ARM.Collect$$libinit$$0000000C          0x00000136   Section        0  libinit2.o(.ARM.Collect$$libinit$$0000000C)
    .ARM.Collect$$libinit$$0000000E          0x00000136   Section        0  libinit2.o(.ARM.Collect$$libinit$$0000000E)
    .ARM.Collect$$libinit$$00000011          0x00000136   Section        0  libinit2.o(.ARM.Collect$$libinit$$00000011)
    .ARM.Collect$$libinit$$00000013          0x00000136   Section        0  libinit2.o(.ARM.Collect$$libinit$$00000013)
    .ARM.Collect$$libinit$$00000015          0x00000136   Section        0  libinit2.o(.ARM.Collect$$libinit$$00000015)
    .ARM.Collect$$libinit$$00000017          0x00000136   Section        0  libinit2.o(.ARM.Collect$$libinit$$00000017)
    .ARM.Collect$$libinit$$00000019          0x00000136   Section        0  libinit2.o(.ARM.Collect$$libinit$$00000019)
    .ARM.Collect$$libinit$$0000001B          0x00000136   Section        0  libinit2.o(.ARM.Collect$$libinit$$0000001B)
    .ARM.Collect$$libinit$$0000001D          0x00000136   Section        0  libinit2.o(.ARM.Collect$$libinit$$0000001D)
    .ARM.Collect$$libinit$$0000001F          0x00000136   Section        0  libinit2.o(.ARM.Collect$$libinit$$0000001F)
    .ARM.Collect$$libinit$$00000021          0x00000136   Section        0  libinit2.o(.ARM.Collect$$libinit$$00000021)
    .ARM.Collect$$libinit$$00000023          0x00000136   Section        0  libinit2.o(.ARM.Collect$$libinit$$00000023)
    .ARM.Collect$$libinit$$00000025          0x00000136   Section        0  libinit2.o(.ARM.Collect$$libinit$$00000025)
    .ARM.Collect$$libinit$$0000002C          0x00000136   Section        0  libinit2.o(.ARM.Collect$$libinit$$0000002C)
    .ARM.Collect$$libinit$$0000002E          0x00000136   Section        0  libinit2.o(.ARM.Collect$$libinit$$0000002E)
    .ARM.Collect$$libinit$$00000030          0x00000136   Section        0  libinit2.o(.ARM.Collect$$libinit$$00000030)
    .ARM.Collect$$libinit$$00000032          0x00000136   Section        0  libinit2.o(.ARM.Collect$$libinit$$00000032)
    .ARM.Collect$$libinit$$00000033          0x00000136   Section        2  libinit2.o(.ARM.Collect$$libinit$$00000033)
    .ARM.Collect$$libshutdown$$00000000      0x00000138   Section        2  libshutdown.o(.ARM.Collect$$libshutdown$$00000000)
    .ARM.Collect$$libshutdown$$00000002      0x0000013a   Section        0  libshutdown2.o(.ARM.Collect$$libshutdown$$00000002)
    .ARM.Collect$$libshutdown$$00000004      0x0000013a   Section        0  libshutdown2.o(.ARM.Collect$$libshutdown$$00000004)
    .ARM.Collect$$libshutdown$$00000007      0x0000013a   Section        0  libshutdown2.o(.ARM.Collect$$libshutdown$$00000007)
    .ARM.Collect$$libshutdown$$0000000A      0x0000013a   Section        0  libshutdown2.o(.ARM.Collect$$libshutdown$$0000000A)
    .ARM.Collect$$libshutdown$$0000000C      0x0000013a   Section        0  libshutdown2.o(.ARM.Collect$$libshutdown$$0000000C)
    .ARM.Collect$$libshutdown$$0000000F      0x0000013a   Section        0  libshutdown2.o(.ARM.Collect$$libshutdown$$0000000F)
    .ARM.Collect$$libshutdown$$00000010      0x0000013a   Section        2  libshutdown2.o(.ARM.Collect$$libshutdown$$00000010)
    .ARM.Collect$$rtentry$$00000000          0x0000013c   Section        0  __rtentry.o(.ARM.Collect$$rtentry$$00000000)
    .ARM.Collect$$rtentry$$00000002          0x0000013c   Section        0  __rtentry2.o(.ARM.Collect$$rtentry$$00000002)
    .ARM.Collect$$rtentry$$00000004          0x0000013c   Section        6  __rtentry4.o(.ARM.Collect$$rtentry$$00000004)
    .ARM.Collect$$rtentry$$00000009          0x00000142   Section        0  __rtentry2.o(.ARM.Collect$$rtentry$$00000009)
    .ARM.Collect$$rtentry$$0000000A          0x00000142   Section        4  __rtentry2.o(.ARM.Collect$$rtentry$$0000000A)
    .ARM.Collect$$rtentry$$0000000C          0x00000146   Section        0  __rtentry2.o(.ARM.Collect$$rtentry$$0000000C)
    .ARM.Collect$$rtentry$$0000000D          0x00000146   Section        8  __rtentry2.o(.ARM.Collect$$rtentry$$0000000D)
    .ARM.Collect$$rtexit$$00000000           0x0000014e   Section        2  rtexit.o(.ARM.Collect$$rtexit$$00000000)
    .ARM.Collect$$rtexit$$00000002           0x00000150   Section        0  rtexit2.o(.ARM.Collect$$rtexit$$00000002)
    .ARM.Collect$$rtexit$$00000003           0x00000150   Section        4  rtexit2.o(.ARM.Collect$$rtexit$$00000003)
    .ARM.Collect$$rtexit$$00000004           0x00000154   Section        6  rtexit2.o(.ARM.Collect$$rtexit$$00000004)
    .text                                    0x0000015c   Section       64  startup_gw1ns4c.o(.text)
    .text                                    0x0000019c   Section        0  heapauxi.o(.text)
    .text                                    0x000001a2   Section       74  sys_stackheap_outer.o(.text)
    .text                                    0x000001ec   Section        0  exit.o(.text)
    .text                                    0x00000200   Section        8  libspace.o(.text)
    .text                                    0x00000208   Section        0  sys_exit.o(.text)
    .text                                    0x00000214   Section        2  use_no_semi.o(.text)
    .text                                    0x00000216   Section        0  indicate_semi.o(.text)
    i.BusFault_Handler                       0x00000216   Section        0  gw1ns4c_it.o(i.BusFault_Handler)
    i.DebugMon_Handler                       0x0000021a   Section        0  gw1ns4c_it.o(i.DebugMon_Handler)
    i.Delay                                  0x0000021c   Section        0  main.o(i.Delay)
    i.HardFault_Handler                      0x0000022e   Section        0  gw1ns4c_it.o(i.HardFault_Handler)
    i.I2C_Handler                            0x00000232   Section        0  gw1ns4c_it.o(i.I2C_Handler)
    i.MemManage_Handler                      0x00000234   Section        0  gw1ns4c_it.o(i.MemManage_Handler)
    i.NMI_Handler                            0x00000238   Section        0  gw1ns4c_it.o(i.NMI_Handler)
    i.PORT0_0_Handler                        0x0000023a   Section        0  gw1ns4c_it.o(i.PORT0_0_Handler)
    i.PORT0_10_Handler                       0x0000023c   Section        0  gw1ns4c_it.o(i.PORT0_10_Handler)
    i.PORT0_11_Handler                       0x0000023e   Section        0  gw1ns4c_it.o(i.PORT0_11_Handler)
    i.PORT0_12_Handler                       0x00000240   Section        0  gw1ns4c_it.o(i.PORT0_12_Handler)
    i.PORT0_13_Handler                       0x00000242   Section        0  gw1ns4c_it.o(i.PORT0_13_Handler)
    i.PORT0_14_Handler                       0x00000244   Section        0  gw1ns4c_it.o(i.PORT0_14_Handler)
    i.PORT0_15_Handler                       0x00000246   Section        0  gw1ns4c_it.o(i.PORT0_15_Handler)
    i.PORT0_1_Handler                        0x00000248   Section        0  gw1ns4c_it.o(i.PORT0_1_Handler)
    i.PORT0_2_Handler                        0x0000024a   Section        0  gw1ns4c_it.o(i.PORT0_2_Handler)
    i.PORT0_3_Handler                        0x0000024c   Section        0  gw1ns4c_it.o(i.PORT0_3_Handler)
    i.PORT0_4_Handler                        0x0000024e   Section        0  gw1ns4c_it.o(i.PORT0_4_Handler)
    i.PORT0_5_Handler                        0x00000250   Section        0  gw1ns4c_it.o(i.PORT0_5_Handler)
    i.PORT0_6_Handler                        0x00000252   Section        0  gw1ns4c_it.o(i.PORT0_6_Handler)
    i.PORT0_7_Handler                        0x00000254   Section        0  gw1ns4c_it.o(i.PORT0_7_Handler)
    i.PORT0_8_Handler                        0x00000256   Section        0  gw1ns4c_it.o(i.PORT0_8_Handler)
    i.PORT0_9_Handler                        0x00000258   Section        0  gw1ns4c_it.o(i.PORT0_9_Handler)
    i.PendSV_Handler                         0x0000025a   Section        0  gw1ns4c_it.o(i.PendSV_Handler)
    i.RTC_Handler                            0x0000025c   Section        0  gw1ns4c_it.o(i.RTC_Handler)
    i.SVC_Handler                            0x0000025e   Section        0  gw1ns4c_it.o(i.SVC_Handler)
    i.SysTick_Handler                        0x00000260   Section        0  gw1ns4c_it.o(i.SysTick_Handler)
    i.SystemInit                             0x00000264   Section        0  system_gw1ns4c.o(i.SystemInit)
    i.TIMER0_Handler                         0x00000298   Section        0  gw1ns4c_it.o(i.TIMER0_Handler)
    i.TIMER1_Handler                         0x0000029a   Section        0  gw1ns4c_it.o(i.TIMER1_Handler)
    i.UART0_Handler                          0x0000029c   Section        0  gw1ns4c_it.o(i.UART0_Handler)
    i.UART1_Handler                          0x0000029e   Section        0  gw1ns4c_it.o(i.UART1_Handler)
    i.USER_INT0_Handler                      0x000002a0   Section        0  gw1ns4c_it.o(i.USER_INT0_Handler)
    i.USER_INT1_Handler                      0x000002a2   Section        0  gw1ns4c_it.o(i.USER_INT1_Handler)
    i.USER_INT2_Handler                      0x000002a4   Section        0  gw1ns4c_it.o(i.USER_INT2_Handler)
    i.USER_INT3_Handler                      0x000002a6   Section        0  gw1ns4c_it.o(i.USER_INT3_Handler)
    i.USER_INT4_Handler                      0x000002a8   Section        0  gw1ns4c_it.o(i.USER_INT4_Handler)
    i.USER_INT5_Handler                      0x000002aa   Section        0  gw1ns4c_it.o(i.USER_INT5_Handler)
    i.UsageFault_Handler                     0x000002ac   Section        0  gw1ns4c_it.o(i.UsageFault_Handler)
    i.led_1                                  0x000002b0   Section        0  main.o(i.led_1)
    i.led_off                                0x0000030c   Section        0  main.o(i.led_off)
    i.main                                   0x00000334   Section        0  main.o(i.main)
    .data                                    0x20000000   Section       16  system_gw1ns4c.o(.data)
    .data                                    0x20000010   Section       24  main.o(.data)
    .bss                                     0x20000028   Section       96  libspace.o(.bss)
    HEAP                                     0x20000088   Section      512  startup_gw1ns4c.o(HEAP)
    Heap_Mem                                 0x20000088   Data         512  startup_gw1ns4c.o(HEAP)
    STACK                                    0x20000288   Section     1024  startup_gw1ns4c.o(STACK)
    Stack_Mem                                0x20000288   Data        1024  startup_gw1ns4c.o(STACK)
    __initial_sp                             0x20000688   Data           0  startup_gw1ns4c.o(STACK)

    Global Symbols

    Symbol Name                              Value     Ov Type        Size  Object(Section)

    BuildAttributes$$THM_ISAv4$P$D$K$B$S$PE$A:L22UL41UL21$X:L11$S22US41US21$IEEE1$IW$USESV6$~STKCKD$USESV7$~SHL$OSPACE$ROPI$EBA8$UX$STANDARDLIB$REQ8$PRES8$EABIv2 0x00000000   Number         0  anon$$obj.o ABSOLUTE
    __ARM_use_no_argv                        0x00000000   Number         0  main.o ABSOLUTE
    __Vectors                                0x00000000   Data           4  startup_gw1ns4c.o(RESET)
    __ARM_exceptions_init                     - Undefined Weak Reference
    __alloca_initialize                       - Undefined Weak Reference
    __arm_preinit_                            - Undefined Weak Reference
    __cpp_initialize__aeabi_                  - Undefined Weak Reference
    __cxa_finalize                            - Undefined Weak Reference
    __rt_locale                               - Undefined Weak Reference
    __sigvec_lookup                           - Undefined Weak Reference
    _atexit_init                              - Undefined Weak Reference
    _call_atexit_fns                          - Undefined Weak Reference
    _clock_init                               - Undefined Weak Reference
    _fp_trap_init                             - Undefined Weak Reference
    _fp_trap_shutdown                         - Undefined Weak Reference
    _get_lc_collate                           - Undefined Weak Reference
    _get_lc_ctype                             - Undefined Weak Reference
    _get_lc_monetary                          - Undefined Weak Reference
    _get_lc_numeric                           - Undefined Weak Reference
    _get_lc_time                              - Undefined Weak Reference
    _getenv_init                              - Undefined Weak Reference
    _handle_redirection                       - Undefined Weak Reference
    _init_alloc                               - Undefined Weak Reference
    _init_user_alloc                          - Undefined Weak Reference
    _initio                                   - Undefined Weak Reference
    _rand_init                                - Undefined Weak Reference
    _signal_finish                            - Undefined Weak Reference
    _signal_init                              - Undefined Weak Reference
    _terminate_alloc                          - Undefined Weak Reference
    _terminate_user_alloc                     - Undefined Weak Reference
    _terminateio                              - Undefined Weak Reference
    __Vectors_End                            0x000000c0   Data           0  startup_gw1ns4c.o(RESET)
    __Vectors_Size                           0x000000c0   Number         0  startup_gw1ns4c.o ABSOLUTE
    __main                                   0x000000c1   Thumb Code     8  __main.o(!!!main)
    __scatterload                            0x000000c9   Thumb Code     0  __scatter.o(!!!scatter)
    __scatterload_rt2                        0x000000c9   Thumb Code    44  __scatter.o(!!!scatter)
    __scatterload_rt2_thumb_only             0x000000c9   Thumb Code     0  __scatter.o(!!!scatter)
    __scatterload_null                       0x000000d7   Thumb Code     0  __scatter.o(!!!scatter)
    __scatterload_copy                       0x000000fd   Thumb Code    26  __scatter_copy.o(!!handler_copy)
    __scatterload_zeroinit                   0x00000119   Thumb Code    28  __scatter_zi.o(!!handler_zi)
    __rt_lib_init                            0x00000135   Thumb Code     0  libinit.o(.ARM.Collect$$libinit$$00000000)
    __rt_lib_init_alloca_1                   0x00000137   Thumb Code     0  libinit2.o(.ARM.Collect$$libinit$$0000002E)
    __rt_lib_init_argv_1                     0x00000137   Thumb Code     0  libinit2.o(.ARM.Collect$$libinit$$0000002C)
    __rt_lib_init_atexit_1                   0x00000137   Thumb Code     0  libinit2.o(.ARM.Collect$$libinit$$0000001B)
    __rt_lib_init_clock_1                    0x00000137   Thumb Code     0  libinit2.o(.ARM.Collect$$libinit$$00000021)
    __rt_lib_init_cpp_1                      0x00000137   Thumb Code     0  libinit2.o(.ARM.Collect$$libinit$$00000032)
    __rt_lib_init_exceptions_1               0x00000137   Thumb Code     0  libinit2.o(.ARM.Collect$$libinit$$00000030)
    __rt_lib_init_fp_1                       0x00000137   Thumb Code     0  libinit2.o(.ARM.Collect$$libinit$$00000002)
    __rt_lib_init_fp_trap_1                  0x00000137   Thumb Code     0  libinit2.o(.ARM.Collect$$libinit$$0000001F)
    __rt_lib_init_getenv_1                   0x00000137   Thumb Code     0  libinit2.o(.ARM.Collect$$libinit$$00000023)
    __rt_lib_init_heap_1                     0x00000137   Thumb Code     0  libinit2.o(.ARM.Collect$$libinit$$0000000A)
    __rt_lib_init_lc_collate_1               0x00000137   Thumb Code     0  libinit2.o(.ARM.Collect$$libinit$$00000011)
    __rt_lib_init_lc_ctype_1                 0x00000137   Thumb Code     0  libinit2.o(.ARM.Collect$$libinit$$00000013)
    __rt_lib_init_lc_monetary_1              0x00000137   Thumb Code     0  libinit2.o(.ARM.Collect$$libinit$$00000015)
    __rt_lib_init_lc_numeric_1               0x00000137   Thumb Code     0  libinit2.o(.ARM.Collect$$libinit$$00000017)
    __rt_lib_init_lc_time_1                  0x00000137   Thumb Code     0  libinit2.o(.ARM.Collect$$libinit$$00000019)
    __rt_lib_init_preinit_1                  0x00000137   Thumb Code     0  libinit2.o(.ARM.Collect$$libinit$$00000004)
    __rt_lib_init_rand_1                     0x00000137   Thumb Code     0  libinit2.o(.ARM.Collect$$libinit$$0000000E)
    __rt_lib_init_return                     0x00000137   Thumb Code     0  libinit2.o(.ARM.Collect$$libinit$$00000033)
    __rt_lib_init_signal_1                   0x00000137   Thumb Code     0  libinit2.o(.ARM.Collect$$libinit$$0000001D)
    __rt_lib_init_stdio_1                    0x00000137   Thumb Code     0  libinit2.o(.ARM.Collect$$libinit$$00000025)
    __rt_lib_init_user_alloc_1               0x00000137   Thumb Code     0  libinit2.o(.ARM.Collect$$libinit$$0000000C)
    __rt_lib_shutdown                        0x00000139   Thumb Code     0  libshutdown.o(.ARM.Collect$$libshutdown$$00000000)
    __rt_lib_shutdown_cpp_1                  0x0000013b   Thumb Code     0  libshutdown2.o(.ARM.Collect$$libshutdown$$00000002)
    __rt_lib_shutdown_fp_trap_1              0x0000013b   Thumb Code     0  libshutdown2.o(.ARM.Collect$$libshutdown$$00000007)
    __rt_lib_shutdown_heap_1                 0x0000013b   Thumb Code     0  libshutdown2.o(.ARM.Collect$$libshutdown$$0000000F)
    __rt_lib_shutdown_return                 0x0000013b   Thumb Code     0  libshutdown2.o(.ARM.Collect$$libshutdown$$00000010)
    __rt_lib_shutdown_signal_1               0x0000013b   Thumb Code     0  libshutdown2.o(.ARM.Collect$$libshutdown$$0000000A)
    __rt_lib_shutdown_stdio_1                0x0000013b   Thumb Code     0  libshutdown2.o(.ARM.Collect$$libshutdown$$00000004)
    __rt_lib_shutdown_user_alloc_1           0x0000013b   Thumb Code     0  libshutdown2.o(.ARM.Collect$$libshutdown$$0000000C)
    __rt_entry                               0x0000013d   Thumb Code     0  __rtentry.o(.ARM.Collect$$rtentry$$00000000)
    __rt_entry_presh_1                       0x0000013d   Thumb Code     0  __rtentry2.o(.ARM.Collect$$rtentry$$00000002)
    __rt_entry_sh                            0x0000013d   Thumb Code     0  __rtentry4.o(.ARM.Collect$$rtentry$$00000004)
    __rt_entry_li                            0x00000143   Thumb Code     0  __rtentry2.o(.ARM.Collect$$rtentry$$0000000A)
    __rt_entry_postsh_1                      0x00000143   Thumb Code     0  __rtentry2.o(.ARM.Collect$$rtentry$$00000009)
    __rt_entry_main                          0x00000147   Thumb Code     0  __rtentry2.o(.ARM.Collect$$rtentry$$0000000D)
    __rt_entry_postli_1                      0x00000147   Thumb Code     0  __rtentry2.o(.ARM.Collect$$rtentry$$0000000C)
    __rt_exit                                0x0000014f   Thumb Code     0  rtexit.o(.ARM.Collect$$rtexit$$00000000)
    __rt_exit_ls                             0x00000151   Thumb Code     0  rtexit2.o(.ARM.Collect$$rtexit$$00000003)
    __rt_exit_prels_1                        0x00000151   Thumb Code     0  rtexit2.o(.ARM.Collect$$rtexit$$00000002)
    __rt_exit_exit                           0x00000155   Thumb Code     0  rtexit2.o(.ARM.Collect$$rtexit$$00000004)
    Reset_Handler                            0x0000015d   Thumb Code     8  startup_gw1ns4c.o(.text)
    PORT0_COMB_Handler                       0x00000177   Thumb Code     0  startup_gw1ns4c.o(.text)
    Spare15_Handler                          0x00000177   Thumb Code     0  startup_gw1ns4c.o(.text)
    UARTOVF_Handler                          0x00000177   Thumb Code     0  startup_gw1ns4c.o(.text)
    __user_initial_stackheap                 0x00000179   Thumb Code    10  startup_gw1ns4c.o(.text)
    __use_two_region_memory                  0x0000019d   Thumb Code     2  heapauxi.o(.text)
    __rt_heap_escrow$2region                 0x0000019f   Thumb Code     2  heapauxi.o(.text)
    __rt_heap_expand$2region                 0x000001a1   Thumb Code     2  heapauxi.o(.text)
    __user_setup_stackheap                   0x000001a3   Thumb Code    74  sys_stackheap_outer.o(.text)
    exit                                     0x000001ed   Thumb Code    18  exit.o(.text)
    __user_libspace                          0x00000201   Thumb Code     8  libspace.o(.text)
    __user_perproc_libspace                  0x00000201   Thumb Code     0  libspace.o(.text)
    __user_perthread_libspace                0x00000201   Thumb Code     0  libspace.o(.text)
    _sys_exit                                0x00000209   Thumb Code     8  sys_exit.o(.text)
    __I$use$semihosting                      0x00000215   Thumb Code     0  use_no_semi.o(.text)
    __use_no_semihosting_swi                 0x00000215   Thumb Code     2  use_no_semi.o(.text)
    BusFault_Handler                         0x00000217   Thumb Code     4  gw1ns4c_it.o(i.BusFault_Handler)
    __semihosting_library_function           0x00000217   Thumb Code     0  indicate_semi.o(.text)
    DebugMon_Handler                         0x0000021b   Thumb Code     2  gw1ns4c_it.o(i.DebugMon_Handler)
    Delay                                    0x0000021d   Thumb Code    18  main.o(i.Delay)
    HardFault_Handler                        0x0000022f   Thumb Code     4  gw1ns4c_it.o(i.HardFault_Handler)
    I2C_Handler                              0x00000233   Thumb Code     2  gw1ns4c_it.o(i.I2C_Handler)
    MemManage_Handler                        0x00000235   Thumb Code     4  gw1ns4c_it.o(i.MemManage_Handler)
    NMI_Handler                              0x00000239   Thumb Code     2  gw1ns4c_it.o(i.NMI_Handler)
    PORT0_0_Handler                          0x0000023b   Thumb Code     2  gw1ns4c_it.o(i.PORT0_0_Handler)
    PORT0_10_Handler                         0x0000023d   Thumb Code     2  gw1ns4c_it.o(i.PORT0_10_Handler)
    PORT0_11_Handler                         0x0000023f   Thumb Code     2  gw1ns4c_it.o(i.PORT0_11_Handler)
    PORT0_12_Handler                         0x00000241   Thumb Code     2  gw1ns4c_it.o(i.PORT0_12_Handler)
    PORT0_13_Handler                         0x00000243   Thumb Code     2  gw1ns4c_it.o(i.PORT0_13_Handler)
    PORT0_14_Handler                         0x00000245   Thumb Code     2  gw1ns4c_it.o(i.PORT0_14_Handler)
    PORT0_15_Handler                         0x00000247   Thumb Code     2  gw1ns4c_it.o(i.PORT0_15_Handler)
    PORT0_1_Handler                          0x00000249   Thumb Code     2  gw1ns4c_it.o(i.PORT0_1_Handler)
    PORT0_2_Handler                          0x0000024b   Thumb Code     2  gw1ns4c_it.o(i.PORT0_2_Handler)
    PORT0_3_Handler                          0x0000024d   Thumb Code     2  gw1ns4c_it.o(i.PORT0_3_Handler)
    PORT0_4_Handler                          0x0000024f   Thumb Code     2  gw1ns4c_it.o(i.PORT0_4_Handler)
    PORT0_5_Handler                          0x00000251   Thumb Code     2  gw1ns4c_it.o(i.PORT0_5_Handler)
    PORT0_6_Handler                          0x00000253   Thumb Code     2  gw1ns4c_it.o(i.PORT0_6_Handler)
    PORT0_7_Handler                          0x00000255   Thumb Code     2  gw1ns4c_it.o(i.PORT0_7_Handler)
    PORT0_8_Handler                          0x00000257   Thumb Code     2  gw1ns4c_it.o(i.PORT0_8_Handler)
    PORT0_9_Handler                          0x00000259   Thumb Code     2  gw1ns4c_it.o(i.PORT0_9_Handler)
    PendSV_Handler                           0x0000025b   Thumb Code     2  gw1ns4c_it.o(i.PendSV_Handler)
    RTC_Handler                              0x0000025d   Thumb Code     2  gw1ns4c_it.o(i.RTC_Handler)
    SVC_Handler                              0x0000025f   Thumb Code     2  gw1ns4c_it.o(i.SVC_Handler)
    SysTick_Handler                          0x00000261   Thumb Code     2  gw1ns4c_it.o(i.SysTick_Handler)
    SystemInit                               0x00000265   Thumb Code    32  system_gw1ns4c.o(i.SystemInit)
    TIMER0_Handler                           0x00000299   Thumb Code     2  gw1ns4c_it.o(i.TIMER0_Handler)
    TIMER1_Handler                           0x0000029b   Thumb Code     2  gw1ns4c_it.o(i.TIMER1_Handler)
    UART0_Handler                            0x0000029d   Thumb Code     2  gw1ns4c_it.o(i.UART0_Handler)
    UART1_Handler                            0x0000029f   Thumb Code     2  gw1ns4c_it.o(i.UART1_Handler)
    USER_INT0_Handler                        0x000002a1   Thumb Code     2  gw1ns4c_it.o(i.USER_INT0_Handler)
    USER_INT1_Handler                        0x000002a3   Thumb Code     2  gw1ns4c_it.o(i.USER_INT1_Handler)
    USER_INT2_Handler                        0x000002a5   Thumb Code     2  gw1ns4c_it.o(i.USER_INT2_Handler)
    USER_INT3_Handler                        0x000002a7   Thumb Code     2  gw1ns4c_it.o(i.USER_INT3_Handler)
    USER_INT4_Handler                        0x000002a9   Thumb Code     2  gw1ns4c_it.o(i.USER_INT4_Handler)
    USER_INT5_Handler                        0x000002ab   Thumb Code     2  gw1ns4c_it.o(i.USER_INT5_Handler)
    UsageFault_Handler                       0x000002ad   Thumb Code     4  gw1ns4c_it.o(i.UsageFault_Handler)
    led_1                                    0x000002b1   Thumb Code    76  main.o(i.led_1)
    led_off                                  0x0000030d   Thumb Code    26  main.o(i.led_off)
    main                                     0x00000335   Thumb Code   186  main.o(i.main)
    Region$$Table$$Base                      0x00000408   Number         0  anon$$obj.o(Region$$Table)
    Region$$Table$$Limit                     0x00000428   Number         0  anon$$obj.o(Region$$Table)
    SystemCoreClock                          0x20000000   Data           4  system_gw1ns4c.o(.data)
    PCLK1                                    0x20000004   Data           4  system_gw1ns4c.o(.data)
    PCLK2                                    0x20000008   Data           4  system_gw1ns4c.o(.data)
    HCLK                                     0x2000000c   Data           4  system_gw1ns4c.o(.data)
    s                                        0x20000010   Data           4  main.o(.data)
    i                                        0x20000014   Data           4  main.o(.data)
    key1                                     0x20000018   Data           4  main.o(.data)
    key2                                     0x2000001c   Data           4  main.o(.data)
    key3                                     0x20000020   Data           4  main.o(.data)
    key4                                     0x20000024   Data           4  main.o(.data)
    __libspace_start                         0x20000028   Data          96  libspace.o(.bss)
    __temporary_stack_top$libspace           0x20000088   Data           0  libspace.o(.bss)



==============================================================================

Memory Map of the image

  Image Entry point : 0x000000c1

  Load Region LR_IROM1 (Base: 0x00000000, Size: 0x00000450, Max: 0x00008000, ABSOLUTE)

    Execution Region ER_IROM1 (Exec base: 0x00000000, Load base: 0x00000000, Size: 0x00000428, Max: 0x00008000, ABSOLUTE)

    Exec Addr    Load Addr    Size         Type   Attr      Idx    E Section Name        Object

    0x00000000   0x00000000   0x000000c0   Data   RO           19    RESET               startup_gw1ns4c.o
    0x000000c0   0x000000c0   0x00000008   Code   RO         1266  * !!!main             c_w.l(__main.o)
    0x000000c8   0x000000c8   0x00000034   Code   RO         1423    !!!scatter          c_w.l(__scatter.o)
    0x000000fc   0x000000fc   0x0000001a   Code   RO         1425    !!handler_copy      c_w.l(__scatter_copy.o)
    0x00000116   0x00000116   0x00000002   PAD
    0x00000118   0x00000118   0x0000001c   Code   RO         1427    !!handler_zi        c_w.l(__scatter_zi.o)
    0x00000134   0x00000134   0x00000002   Code   RO         1293    .ARM.Collect$$libinit$$00000000  c_w.l(libinit.o)
    0x00000136   0x00000136   0x00000000   Code   RO         1300    .ARM.Collect$$libinit$$00000002  c_w.l(libinit2.o)
    0x00000136   0x00000136   0x00000000   Code   RO         1302    .ARM.Collect$$libinit$$00000004  c_w.l(libinit2.o)
    0x00000136   0x00000136   0x00000000   Code   RO         1305    .ARM.Collect$$libinit$$0000000A  c_w.l(libinit2.o)
    0x00000136   0x00000136   0x00000000   Code   RO         1307    .ARM.Collect$$libinit$$0000000C  c_w.l(libinit2.o)
    0x00000136   0x00000136   0x00000000   Code   RO         1309    .ARM.Collect$$libinit$$0000000E  c_w.l(libinit2.o)
    0x00000136   0x00000136   0x00000000   Code   RO         1312    .ARM.Collect$$libinit$$00000011  c_w.l(libinit2.o)
    0x00000136   0x00000136   0x00000000   Code   RO         1314    .ARM.Collect$$libinit$$00000013  c_w.l(libinit2.o)
    0x00000136   0x00000136   0x00000000   Code   RO         1316    .ARM.Collect$$libinit$$00000015  c_w.l(libinit2.o)
    0x00000136   0x00000136   0x00000000   Code   RO         1318    .ARM.Collect$$libinit$$00000017  c_w.l(libinit2.o)
    0x00000136   0x00000136   0x00000000   Code   RO         1320    .ARM.Collect$$libinit$$00000019  c_w.l(libinit2.o)
    0x00000136   0x00000136   0x00000000   Code   RO         1322    .ARM.Collect$$libinit$$0000001B  c_w.l(libinit2.o)
    0x00000136   0x00000136   0x00000000   Code   RO         1324    .ARM.Collect$$libinit$$0000001D  c_w.l(libinit2.o)
    0x00000136   0x00000136   0x00000000   Code   RO         1326    .ARM.Collect$$libinit$$0000001F  c_w.l(libinit2.o)
    0x00000136   0x00000136   0x00000000   Code   RO         1328    .ARM.Collect$$libinit$$00000021  c_w.l(libinit2.o)
    0x00000136   0x00000136   0x00000000   Code   RO         1330    .ARM.Collect$$libinit$$00000023  c_w.l(libinit2.o)
    0x00000136   0x00000136   0x00000000   Code   RO         1332    .ARM.Collect$$libinit$$00000025  c_w.l(libinit2.o)
    0x00000136   0x00000136   0x00000000   Code   RO         1336    .ARM.Collect$$libinit$$0000002C  c_w.l(libinit2.o)
    0x00000136   0x00000136   0x00000000   Code   RO         1338    .ARM.Collect$$libinit$$0000002E  c_w.l(libinit2.o)
    0x00000136   0x00000136   0x00000000   Code   RO         1340    .ARM.Collect$$libinit$$00000030  c_w.l(libinit2.o)
    0x00000136   0x00000136   0x00000000   Code   RO         1342    .ARM.Collect$$libinit$$00000032  c_w.l(libinit2.o)
    0x00000136   0x00000136   0x00000002   Code   RO         1343    .ARM.Collect$$libinit$$00000033  c_w.l(libinit2.o)
    0x00000138   0x00000138   0x00000002   Code   RO         1363    .ARM.Collect$$libshutdown$$00000000  c_w.l(libshutdown.o)
    0x0000013a   0x0000013a   0x00000000   Code   RO         1376    .ARM.Collect$$libshutdown$$00000002  c_w.l(libshutdown2.o)
    0x0000013a   0x0000013a   0x00000000   Code   RO         1378    .ARM.Collect$$libshutdown$$00000004  c_w.l(libshutdown2.o)
    0x0000013a   0x0000013a   0x00000000   Code   RO         1381    .ARM.Collect$$libshutdown$$00000007  c_w.l(libshutdown2.o)
    0x0000013a   0x0000013a   0x00000000   Code   RO         1384    .ARM.Collect$$libshutdown$$0000000A  c_w.l(libshutdown2.o)
    0x0000013a   0x0000013a   0x00000000   Code   RO         1386    .ARM.Collect$$libshutdown$$0000000C  c_w.l(libshutdown2.o)
    0x0000013a   0x0000013a   0x00000000   Code   RO         1389    .ARM.Collect$$libshutdown$$0000000F  c_w.l(libshutdown2.o)
    0x0000013a   0x0000013a   0x00000002   Code   RO         1390    .ARM.Collect$$libshutdown$$00000010  c_w.l(libshutdown2.o)
    0x0000013c   0x0000013c   0x00000000   Code   RO         1268    .ARM.Collect$$rtentry$$00000000  c_w.l(__rtentry.o)
    0x0000013c   0x0000013c   0x00000000   Code   RO         1270    .ARM.Collect$$rtentry$$00000002  c_w.l(__rtentry2.o)
    0x0000013c   0x0000013c   0x00000006   Code   RO         1282    .ARM.Collect$$rtentry$$00000004  c_w.l(__rtentry4.o)
    0x00000142   0x00000142   0x00000000   Code   RO         1272    .ARM.Collect$$rtentry$$00000009  c_w.l(__rtentry2.o)
    0x00000142   0x00000142   0x00000004   Code   RO         1273    .ARM.Collect$$rtentry$$0000000A  c_w.l(__rtentry2.o)
    0x00000146   0x00000146   0x00000000   Code   RO         1275    .ARM.Collect$$rtentry$$0000000C  c_w.l(__rtentry2.o)
    0x00000146   0x00000146   0x00000008   Code   RO         1276    .ARM.Collect$$rtentry$$0000000D  c_w.l(__rtentry2.o)
    0x0000014e   0x0000014e   0x00000002   Code   RO         1297    .ARM.Collect$$rtexit$$00000000  c_w.l(rtexit.o)
    0x00000150   0x00000150   0x00000000   Code   RO         1345    .ARM.Collect$$rtexit$$00000002  c_w.l(rtexit2.o)
    0x00000150   0x00000150   0x00000004   Code   RO         1346    .ARM.Collect$$rtexit$$00000003  c_w.l(rtexit2.o)
    0x00000154   0x00000154   0x00000006   Code   RO         1347    .ARM.Collect$$rtexit$$00000004  c_w.l(rtexit2.o)
    0x0000015a   0x0000015a   0x00000002   PAD
    0x0000015c   0x0000015c   0x00000040   Code   RO           20    .text               startup_gw1ns4c.o
    0x0000019c   0x0000019c   0x00000006   Code   RO         1264    .text               c_w.l(heapauxi.o)
    0x000001a2   0x000001a2   0x0000004a   Code   RO         1284    .text               c_w.l(sys_stackheap_outer.o)
    0x000001ec   0x000001ec   0x00000012   Code   RO         1286    .text               c_w.l(exit.o)
    0x000001fe   0x000001fe   0x00000002   PAD
    0x00000200   0x00000200   0x00000008   Code   RO         1294    .text               c_w.l(libspace.o)
    0x00000208   0x00000208   0x0000000c   Code   RO         1355    .text               c_w.l(sys_exit.o)
    0x00000214   0x00000214   0x00000002   Code   RO         1366    .text               c_w.l(use_no_semi.o)
    0x00000216   0x00000216   0x00000000   Code   RO         1368    .text               c_w.l(indicate_semi.o)
    0x00000216   0x00000216   0x00000004   Code   RO          947    i.BusFault_Handler  gw1ns4c_it.o
    0x0000021a   0x0000021a   0x00000002   Code   RO          948    i.DebugMon_Handler  gw1ns4c_it.o
    0x0000021c   0x0000021c   0x00000012   Code   RO         1178    i.Delay             main.o
    0x0000022e   0x0000022e   0x00000004   Code   RO          949    i.HardFault_Handler  gw1ns4c_it.o
    0x00000232   0x00000232   0x00000002   Code   RO          950    i.I2C_Handler       gw1ns4c_it.o
    0x00000234   0x00000234   0x00000004   Code   RO          951    i.MemManage_Handler  gw1ns4c_it.o
    0x00000238   0x00000238   0x00000002   Code   RO          952    i.NMI_Handler       gw1ns4c_it.o
    0x0000023a   0x0000023a   0x00000002   Code   RO          953    i.PORT0_0_Handler   gw1ns4c_it.o
    0x0000023c   0x0000023c   0x00000002   Code   RO          954    i.PORT0_10_Handler  gw1ns4c_it.o
    0x0000023e   0x0000023e   0x00000002   Code   RO          955    i.PORT0_11_Handler  gw1ns4c_it.o
    0x00000240   0x00000240   0x00000002   Code   RO          956    i.PORT0_12_Handler  gw1ns4c_it.o
    0x00000242   0x00000242   0x00000002   Code   RO          957    i.PORT0_13_Handler  gw1ns4c_it.o
    0x00000244   0x00000244   0x00000002   Code   RO          958    i.PORT0_14_Handler  gw1ns4c_it.o
    0x00000246   0x00000246   0x00000002   Code   RO          959    i.PORT0_15_Handler  gw1ns4c_it.o
    0x00000248   0x00000248   0x00000002   Code   RO          960    i.PORT0_1_Handler   gw1ns4c_it.o
    0x0000024a   0x0000024a   0x00000002   Code   RO          961    i.PORT0_2_Handler   gw1ns4c_it.o
    0x0000024c   0x0000024c   0x00000002   Code   RO          962    i.PORT0_3_Handler   gw1ns4c_it.o
    0x0000024e   0x0000024e   0x00000002   Code   RO          963    i.PORT0_4_Handler   gw1ns4c_it.o
    0x00000250   0x00000250   0x00000002   Code   RO          964    i.PORT0_5_Handler   gw1ns4c_it.o
    0x00000252   0x00000252   0x00000002   Code   RO          965    i.PORT0_6_Handler   gw1ns4c_it.o
    0x00000254   0x00000254   0x00000002   Code   RO          966    i.PORT0_7_Handler   gw1ns4c_it.o
    0x00000256   0x00000256   0x00000002   Code   RO          967    i.PORT0_8_Handler   gw1ns4c_it.o
    0x00000258   0x00000258   0x00000002   Code   RO          968    i.PORT0_9_Handler   gw1ns4c_it.o
    0x0000025a   0x0000025a   0x00000002   Code   RO          969    i.PendSV_Handler    gw1ns4c_it.o
    0x0000025c   0x0000025c   0x00000002   Code   RO          970    i.RTC_Handler       gw1ns4c_it.o
    0x0000025e   0x0000025e   0x00000002   Code   RO          971    i.SVC_Handler       gw1ns4c_it.o
    0x00000260   0x00000260   0x00000002   Code   RO          972    i.SysTick_Handler   gw1ns4c_it.o
    0x00000262   0x00000262   0x00000002   PAD
    0x00000264   0x00000264   0x00000034   Code   RO           25    i.SystemInit        system_gw1ns4c.o
    0x00000298   0x00000298   0x00000002   Code   RO          973    i.TIMER0_Handler    gw1ns4c_it.o
    0x0000029a   0x0000029a   0x00000002   Code   RO          974    i.TIMER1_Handler    gw1ns4c_it.o
    0x0000029c   0x0000029c   0x00000002   Code   RO          975    i.UART0_Handler     gw1ns4c_it.o
    0x0000029e   0x0000029e   0x00000002   Code   RO          976    i.UART1_Handler     gw1ns4c_it.o
    0x000002a0   0x000002a0   0x00000002   Code   RO          977    i.USER_INT0_Handler  gw1ns4c_it.o
    0x000002a2   0x000002a2   0x00000002   Code   RO          978    i.USER_INT1_Handler  gw1ns4c_it.o
    0x000002a4   0x000002a4   0x00000002   Code   RO          979    i.USER_INT2_Handler  gw1ns4c_it.o
    0x000002a6   0x000002a6   0x00000002   Code   RO          980    i.USER_INT3_Handler  gw1ns4c_it.o
    0x000002a8   0x000002a8   0x00000002   Code   RO          981    i.USER_INT4_Handler  gw1ns4c_it.o
    0x000002aa   0x000002aa   0x00000002   Code   RO          982    i.USER_INT5_Handler  gw1ns4c_it.o
    0x000002ac   0x000002ac   0x00000004   Code   RO          983    i.UsageFault_Handler  gw1ns4c_it.o
    0x000002b0   0x000002b0   0x0000005c   Code   RO         1179    i.led_1             main.o
    0x0000030c   0x0000030c   0x00000028   Code   RO         1180    i.led_off           main.o
    0x00000334   0x00000334   0x000000d4   Code   RO         1181    i.main              main.o
    0x00000408   0x00000408   0x00000020   Data   RO         1421    Region$$Table       anon$$obj.o


    Execution Region RW_IRAM1 (Exec base: 0x20000000, Load base: 0x00000428, Size: 0x00000688, Max: 0x00004000, ABSOLUTE)

    Exec Addr    Load Addr    Size         Type   Attr      Idx    E Section Name        Object

    0x20000000   0x00000428   0x00000010   Data   RW           26    .data               system_gw1ns4c.o
    0x20000010   0x00000438   0x00000018   Data   RW         1182    .data               main.o
    0x20000028        -       0x00000060   Zero   RW         1295    .bss                c_w.l(libspace.o)
    0x20000088        -       0x00000200   Zero   RW           18    HEAP                startup_gw1ns4c.o
    0x20000288        -       0x00000400   Zero   RW           17    STACK               startup_gw1ns4c.o


==============================================================================

Image component sizes


      Code (inc. data)   RO Data    RW Data    ZI Data      Debug   Object Name

         0          0          0          0          0       4540   core_cm3.o
        82          0          0          0          0      15182   gw1ns4c_it.o
       362         56          0         24          0       2563   main.o
        64         26        192          0       1536        832   startup_gw1ns4c.o
        52         20          0         16          0        748   system_gw1ns4c.o

    ----------------------------------------------------------------------
       562        102        224         40       1536      23865   Object Totals
         0          0         32          0          0          0   (incl. Generated)
         2          0          0          0          0          0   (incl. Padding)

    ----------------------------------------------------------------------

      Code (inc. data)   RO Data    RW Data    ZI Data      Debug   Library Member Name

         8          0          0          0          0         68   __main.o
         0          0          0          0          0          0   __rtentry.o
        12          0          0          0          0          0   __rtentry2.o
         6          0          0          0          0          0   __rtentry4.o
        52          8          0          0          0          0   __scatter.o
        26          0          0          0          0          0   __scatter_copy.o
        28          0          0          0          0          0   __scatter_zi.o
        18          0          0          0          0         80   exit.o
         6          0          0          0          0        152   heapauxi.o
         0          0          0          0          0          0   indicate_semi.o
         2          0          0          0          0          0   libinit.o
         2          0          0          0          0          0   libinit2.o
         2          0          0          0          0          0   libshutdown.o
         2          0          0          0          0          0   libshutdown2.o
         8          4          0          0         96         68   libspace.o
         2          0          0          0          0          0   rtexit.o
        10          0          0          0          0          0   rtexit2.o
        12          4          0          0          0         68   sys_exit.o
        74          0          0          0          0         80   sys_stackheap_outer.o
         2          0          0          0          0         68   use_no_semi.o

    ----------------------------------------------------------------------
       278         16          0          0         96        584   Library Totals
         6          0          0          0          0          0   (incl. Padding)

    ----------------------------------------------------------------------

      Code (inc. data)   RO Data    RW Data    ZI Data      Debug   Library Name

       272         16          0          0         96        584   c_w.l

    ----------------------------------------------------------------------
       278         16          0          0         96        584   Library Totals

    ----------------------------------------------------------------------

==============================================================================


      Code (inc. data)   RO Data    RW Data    ZI Data      Debug   

       840        118        224         40       1632      22365   Grand Totals
       840        118        224         40       1632      22365   ELF Image Totals
       840        118        224         40          0          0   ROM Totals

==============================================================================

    Total RO  Size (Code + RO Data)                 1064 (   1.04kB)
    Total RW  Size (RW Data + ZI Data)              1672 (   1.63kB)
    Total ROM Size (Code + RO Data + RW Data)       1104 (   1.08kB)

==============================================================================

