<html>
<body>
<pre>
<h1>µVision Build Log</h1>
<h2>Tool Versions:</h2>
IDE-Version: ¦ÌVision V5.29.0.0
Copyright (C) 2019 ARM Ltd and ARM Germany GmbH. All rights reserved.
License Information: 123 admin, 123, LIC=32B1Q-N99Y0-8TL3P-MLK1V-YJSC0-JI6NB
 
Tool Versions:
Toolchain:       MDK-ARM Plus  Version: 5.29.0.0
Toolchain Path:  D:\Keil_v5\ARM\ARMCC\Bin
C Compiler:      Armcc.exe V5.06 update 6 (build 750)
Assembler:       Armasm.exe V5.06 update 6 (build 750)
Linker/Locator:  ArmLink.exe V5.06 update 6 (build 750)
Library Manager: ArmAr.exe V5.06 update 6 (build 750)
Hex Converter:   FromElf.exe V5.06 update 6 (build 750)
CPU DLL:         SARMCM3.DLL V5.29.0.0
Dialog DLL:      DCM.DLL V1.17.3.0
Target DLL:      Segger\JL2CM3.dll V2.99.36.0
Dialog DLL:      TCM.DLL V1.36.5.0
 
<h2>Project:</h2>
F:\0_code\Gowin\ministar_eth_audio\MCU_Design\PROJECT\hyper_ram.uvprojx
Project File Date:  05/02/2021

<h2>Output:</h2>
*** Using Compiler 'V5.06 update 6 (build 750)', folder: 'D:\Keil_v5\ARM\ARMCC\Bin'
Rebuild target 'hyper_ram'
compiling gw1ns4c_spi.c...
compiling gw1ns4c_syscon.c...
assembling startup_gw1ns4c.s...
compiling gw1ns4c_timer.c...
compiling system_gw1ns4c.c...
compiling core_cm3.c...
compiling gw1ns4c_uart.c...
compiling gw1ns4c_wdog.c...
compiling gw1ns4c_it.c...
compiling delay.c...
compiling main.c...
..\USER\main.c(193): warning:  #111-D: statement is unreachable
  	return 0;
..\USER\main.c: 1 warning, 0 errors
compiling gw1ns4c_i2c.c...
compiling retarget.c...
compiling ahb2_tofpga.c...
compiling spi_master.c...
compiling gpio.c...
compiling gw1ns4c_misc.c...
compiling gw1ns4c_gpio.c...
compiling gw1ns4c_rtc.c...
compiling vs10xx.c...
linking...
Program Size: Code=3092 RO-data=15452 RW-data=36 ZI-data=2052  
After Build - User command #1: D:\Keil_v5\ARM\ARMCC\bin\fromelf.exe --bin -o hyper_ram.bin .\Objects\hyper_ram.axf
".\Objects\hyper_ram.axf" - 0 Error(s), 1 Warning(s).

<h2>Software Packages used:</h2>

Package Vendor: ARM
                http://www.keil.com/pack/ARM.CMSIS.5.6.0.pack
                ARM.CMSIS.5.6.0
                CMSIS (Cortex Microcontroller Software Interface Standard)

<h2>Collection of Component include folders:</h2>
  .\RTE\_hyper_ram
  D:\Keil_v5\ARM\PACK\ARM\CMSIS\5.6.0\Device\ARM\ARMCM3\Include

<h2>Collection of Component Files used:</h2>
Build Time Elapsed:  00:00:02
</pre>
</body>
</html>
